Archive member included to satisfy reference by file (symbol)

d:/gcc-arm-none-eabi/sysgcc/bin/../lib/gcc/arm-none-eabi/12.3.1/thumb/v7-m/nofp\libgcc.a(_arm_mulsf3.o)
                              CMakeFiles/Power.elf.dir/User/ADC/adcio.c.obj (__aeabi_fmul)
d:/gcc-arm-none-eabi/sysgcc/bin/../lib/gcc/arm-none-eabi/12.3.1/thumb/v7-m/nofp\libgcc.a(_arm_addsubdf3.o)
                              CMakeFiles/Power.elf.dir/Core/Src/main.c.obj (__aeabi_f2d)
d:/gcc-arm-none-eabi/sysgcc/bin/../lib/gcc/arm-none-eabi/12.3.1/thumb/v7-m/nofp\libgcc.a(_arm_addsubsf3.o)
                              CMakeFiles/Power.elf.dir/User/ADC/adcio.c.obj (__aeabi_fadd)
d:/gcc-arm-none-eabi/sysgcc/bin/../lib/gcc/arm-none-eabi/12.3.1/thumb/v7-m/nofp\libgcc.a(_arm_muldivsf3.o)
                              CMakeFiles/Power.elf.dir/User/ADC/adcio.c.obj (__aeabi_fdiv)
d:/gcc-arm-none-eabi/sysgcc/bin/../lib/gcc/arm-none-eabi/12.3.1/thumb/v7-m/nofp\libgcc.a(_arm_cmpsf2.o)
                              CMakeFiles/Power.elf.dir/User/ADC/adcio.c.obj (__aeabi_fcmplt)
d:/gcc-arm-none-eabi/sysgcc/bin/../lib/gcc/arm-none-eabi/12.3.1/thumb/v7-m/nofp\libg.a(libc_a-exit.o)
                              d:/gcc-arm-none-eabi/sysgcc/bin/../lib/gcc/arm-none-eabi/12.3.1/thumb/v7-m/nofp/crt0.o (exit)
d:/gcc-arm-none-eabi/sysgcc/bin/../lib/gcc/arm-none-eabi/12.3.1/thumb/v7-m/nofp\libg.a(libc_a-findfp.o)
                              d:/gcc-arm-none-eabi/sysgcc/bin/../lib/gcc/arm-none-eabi/12.3.1/thumb/v7-m/nofp\libg.a(libc_a-exit.o) (__stdio_exit_handler)
d:/gcc-arm-none-eabi/sysgcc/bin/../lib/gcc/arm-none-eabi/12.3.1/thumb/v7-m/nofp\libg.a(libc_a-fwalk.o)
                              d:/gcc-arm-none-eabi/sysgcc/bin/../lib/gcc/arm-none-eabi/12.3.1/thumb/v7-m/nofp\libg.a(libc_a-findfp.o) (_fwalk_sglue)
d:/gcc-arm-none-eabi/sysgcc/bin/../lib/gcc/arm-none-eabi/12.3.1/thumb/v7-m/nofp\libg.a(libc_a-stdio.o)
                              d:/gcc-arm-none-eabi/sysgcc/bin/../lib/gcc/arm-none-eabi/12.3.1/thumb/v7-m/nofp\libg.a(libc_a-findfp.o) (__sread)
d:/gcc-arm-none-eabi/sysgcc/bin/../lib/gcc/arm-none-eabi/12.3.1/thumb/v7-m/nofp\libg.a(libc_a-vsnprintf.o)
                              CMakeFiles/Power.elf.dir/User/UART/uartio.c.obj (vsnprintf)
d:/gcc-arm-none-eabi/sysgcc/bin/../lib/gcc/arm-none-eabi/12.3.1/thumb/v7-m/nofp\libg.a(libc_a-memset.o)
                              d:/gcc-arm-none-eabi/sysgcc/bin/../lib/gcc/arm-none-eabi/12.3.1/thumb/v7-m/nofp/crt0.o (memset)
d:/gcc-arm-none-eabi/sysgcc/bin/../lib/gcc/arm-none-eabi/12.3.1/thumb/v7-m/nofp\libg.a(libc_a-closer.o)
                              d:/gcc-arm-none-eabi/sysgcc/bin/../lib/gcc/arm-none-eabi/12.3.1/thumb/v7-m/nofp\libg.a(libc_a-stdio.o) (_close_r)
d:/gcc-arm-none-eabi/sysgcc/bin/../lib/gcc/arm-none-eabi/12.3.1/thumb/v7-m/nofp\libg.a(libc_a-reent.o)
                              d:/gcc-arm-none-eabi/sysgcc/bin/../lib/gcc/arm-none-eabi/12.3.1/thumb/v7-m/nofp\libg.a(libc_a-closer.o) (errno)
d:/gcc-arm-none-eabi/sysgcc/bin/../lib/gcc/arm-none-eabi/12.3.1/thumb/v7-m/nofp\libg.a(libc_a-impure.o)
                              d:/gcc-arm-none-eabi/sysgcc/bin/../lib/gcc/arm-none-eabi/12.3.1/thumb/v7-m/nofp\libg.a(libc_a-vsnprintf.o) (_impure_ptr)
d:/gcc-arm-none-eabi/sysgcc/bin/../lib/gcc/arm-none-eabi/12.3.1/thumb/v7-m/nofp\libg.a(libc_a-lseekr.o)
                              d:/gcc-arm-none-eabi/sysgcc/bin/../lib/gcc/arm-none-eabi/12.3.1/thumb/v7-m/nofp\libg.a(libc_a-stdio.o) (_lseek_r)
d:/gcc-arm-none-eabi/sysgcc/bin/../lib/gcc/arm-none-eabi/12.3.1/thumb/v7-m/nofp\libg.a(libc_a-readr.o)
                              d:/gcc-arm-none-eabi/sysgcc/bin/../lib/gcc/arm-none-eabi/12.3.1/thumb/v7-m/nofp\libg.a(libc_a-stdio.o) (_read_r)
d:/gcc-arm-none-eabi/sysgcc/bin/../lib/gcc/arm-none-eabi/12.3.1/thumb/v7-m/nofp\libg.a(libc_a-writer.o)
                              d:/gcc-arm-none-eabi/sysgcc/bin/../lib/gcc/arm-none-eabi/12.3.1/thumb/v7-m/nofp\libg.a(libc_a-stdio.o) (_write_r)
d:/gcc-arm-none-eabi/sysgcc/bin/../lib/gcc/arm-none-eabi/12.3.1/thumb/v7-m/nofp\libg.a(libc_a-errno.o)
                              CMakeFiles/Power.elf.dir/Core/Src/syscalls.c.obj (__errno)
d:/gcc-arm-none-eabi/sysgcc/bin/../lib/gcc/arm-none-eabi/12.3.1/thumb/v7-m/nofp\libg.a(libc_a-init.o)
                              d:/gcc-arm-none-eabi/sysgcc/bin/../lib/gcc/arm-none-eabi/12.3.1/thumb/v7-m/nofp/crt0.o (__libc_init_array)
d:/gcc-arm-none-eabi/sysgcc/bin/../lib/gcc/arm-none-eabi/12.3.1/thumb/v7-m/nofp\libg.a(libc_a-lock.o)
                              d:/gcc-arm-none-eabi/sysgcc/bin/../lib/gcc/arm-none-eabi/12.3.1/thumb/v7-m/nofp\libg.a(libc_a-findfp.o) (__retarget_lock_init_recursive)
d:/gcc-arm-none-eabi/sysgcc/bin/../lib/gcc/arm-none-eabi/12.3.1/thumb/v7-m/nofp\libg.a(libc_a-__call_atexit.o)
                              d:/gcc-arm-none-eabi/sysgcc/bin/../lib/gcc/arm-none-eabi/12.3.1/thumb/v7-m/nofp\libg.a(libc_a-exit.o) (__call_exitprocs)
[...]
Memory Configuration

Name             Origin             Length             Attributes
RAM              0x20000000         0x00005000         xrw
FLASH            0x08000000         0x00010000         xr
*default*        0x00000000         0xffffffff

Linker script and memory map

LOAD d:/gcc-arm-none-eabi/sysgcc/bin/../lib/gcc/arm-none-eabi/12.3.1/thumb/v7-m/nofp/crti.o
LOAD d:/gcc-arm-none-eabi/sysgcc/bin/../lib/gcc/arm-none-eabi/12.3.1/thumb/v7-m/nofp/crtbegin.o
LOAD d:/gcc-arm-none-eabi/sysgcc/bin/../lib/gcc/arm-none-eabi/12.3.1/thumb/v7-m/nofp/crt0.o
LOAD CMakeFiles/Power.elf.dir/Core/Src/adc.c.obj
LOAD CMakeFiles/Power.elf.dir/Core/Src/can.c.obj
LOAD CMakeFiles/Power.elf.dir/Core/Src/dma.c.obj
LOAD CMakeFiles/Power.elf.dir/Core/Src/gpio.c.obj
LOAD CMakeFiles/Power.elf.dir/Core/Src/main.c.obj
LOAD CMakeFiles/Power.elf.dir/Core/Src/stm32f1xx_hal_msp.c.obj
LOAD CMakeFiles/Power.elf.dir/Core/Src/stm32f1xx_it.c.obj
LOAD CMakeFiles/Power.elf.dir/Core/Src/syscalls.c.obj
LOAD CMakeFiles/Power.elf.dir/Core/Src/sysmem.c.obj
LOAD CMakeFiles/Power.elf.dir/Core/Src/system_stm32f1xx.c.obj
LOAD CMakeFiles/Power.elf.dir/Core/Src/tim.c.obj
LOAD CMakeFiles/Power.elf.dir/Core/Src/usart.c.obj
LOAD CMakeFiles/Power.elf.dir/Core/Startup/startup_stm32f103c8tx.s.obj
LOAD CMakeFiles/Power.elf.dir/Drivers/STM32F1xx_HAL_Driver/Src/stm32f1xx_hal.c.obj
LOAD CMakeFiles/Power.elf.dir/Drivers/STM32F1xx_HAL_Driver/Src/stm32f1xx_hal_adc.c.obj
LOAD CMakeFiles/Power.elf.dir/Drivers/STM32F1xx_HAL_Driver/Src/stm32f1xx_hal_adc_ex.c.obj
LOAD CMakeFiles/Power.elf.dir/Drivers/STM32F1xx_HAL_Driver/Src/stm32f1xx_hal_can.c.obj
LOAD CMakeFiles/Power.elf.dir/Drivers/STM32F1xx_HAL_Driver/Src/stm32f1xx_hal_cortex.c.obj
LOAD CMakeFiles/Power.elf.dir/Drivers/STM32F1xx_HAL_Driver/Src/stm32f1xx_hal_dma.c.obj
LOAD CMakeFiles/Power.elf.dir/Drivers/STM32F1xx_HAL_Driver/Src/stm32f1xx_hal_exti.c.obj
LOAD CMakeFiles/Power.elf.dir/Drivers/STM32F1xx_HAL_Driver/Src/stm32f1xx_hal_flash.c.obj
LOAD CMakeFiles/Power.elf.dir/Drivers/STM32F1xx_HAL_Driver/Src/stm32f1xx_hal_flash_ex.c.obj
LOAD CMakeFiles/Power.elf.dir/Drivers/STM32F1xx_HAL_Driver/Src/stm32f1xx_hal_gpio.c.obj
LOAD CMakeFiles/Power.elf.dir/Drivers/STM32F1xx_HAL_Driver/Src/stm32f1xx_hal_gpio_ex.c.obj
LOAD CMakeFiles/Power.elf.dir/Drivers/STM32F1xx_HAL_Driver/Src/stm32f1xx_hal_pwr.c.obj
LOAD CMakeFiles/Power.elf.dir/Drivers/STM32F1xx_HAL_Driver/Src/stm32f1xx_hal_rcc.c.obj
LOAD CMakeFiles/Power.elf.dir/Drivers/STM32F1xx_HAL_Driver/Src/stm32f1xx_hal_rcc_ex.c.obj
LOAD CMakeFiles/Power.elf.dir/Drivers/STM32F1xx_HAL_Driver/Src/stm32f1xx_hal_tim.c.obj
LOAD CMakeFiles/Power.elf.dir/Drivers/STM32F1xx_HAL_Driver/Src/stm32f1xx_hal_tim_ex.c.obj
LOAD CMakeFiles/Power.elf.dir/Drivers/STM32F1xx_HAL_Driver/Src/stm32f1xx_hal_uart.c.obj
LOAD CMakeFiles/Power.elf.dir/User/ADC/adcio.c.obj
LOAD CMakeFiles/Power.elf.dir/User/BUZZER/buzzer.c.obj
LOAD CMakeFiles/Power.elf.dir/User/CAN/canio.c.obj
LOAD CMakeFiles/Power.elf.dir/User/LED/led.c.obj
LOAD CMakeFiles/Power.elf.dir/User/UART/uartio.c.obj
START GROUP
LOAD d:/gcc-arm-none-eabi/sysgcc/bin/../lib/gcc/arm-none-eabi/12.3.1/thumb/v7-m/nofp\libgcc.a
LOAD d:/gcc-arm-none-eabi/sysgcc/bin/../lib/gcc/arm-none-eabi/12.3.1/thumb/v7-m/nofp\libg.a
LOAD d:/gcc-arm-none-eabi/sysgcc/bin/../lib/gcc/arm-none-eabi/12.3.1/thumb/v7-m/nofp\libc.a
END GROUP
LOAD d:/gcc-arm-none-eabi/sysgcc/bin/../lib/gcc/arm-none-eabi/12.3.1/thumb/v7-m/nofp/crtend.o
LOAD d:/gcc-arm-none-eabi/sysgcc/bin/../lib/gcc/arm-none-eabi/12.3.1/thumb/v7-m/nofp/crtn.o
                0x20005000                        _estack = (ORIGIN (RAM) + LENGTH (RAM))
                0x00000200                        _Min_Heap_Size = 0x200
                0x00000400                        _Min_Stack_Size = 0x400

.isr_vector     0x08000000      0x10c
                0x08000000                        . = ALIGN (0x4)
 *(.isr_vector)
 .isr_vector    0x08000000      0x10c CMakeFiles/Power.elf.dir/Core/Startup/startup_stm32f103c8tx.s.obj
                0x08000000                g_pfnVectors
                0x0800010c                        . = ALIGN (0x4)

.text           0x08000110     0xabf0
                0x08000110                        . = ALIGN (0x4)
 *(.text)
 .text          0x08000110      0x378 d:/gcc-arm-none-eabi/sysgcc/bin/../lib/gcc/arm-none-eabi/12.3.1/thumb/v7-m/nofp\libgcc.a(_arm_addsubdf3.o)
                0x08000110                __aeabi_drsub
                0x08000118                __aeabi_dsub
                0x08000118                __subdf3
                0x0800011c                __aeabi_dadd
                0x0800011c                __adddf3
                0x08000394                __floatunsidf
                0x08000394                __aeabi_ui2d
                0x080003b4                __floatsidf
                0x080003b4                __aeabi_i2d
                0x080003d8                __aeabi_f2d
                0x080003d8                __extendsfdf2
                0x0800041c                __floatundidf
                0x0800041c                __aeabi_ul2d
                0x0800042c                __floatdidf
                0x0800042c                __aeabi_l2d
 .text          0x08000488      0x21c d:/gcc-arm-none-eabi/sysgcc/bin/../lib/gcc/arm-none-eabi/12.3.1/thumb/v7-m/nofp\libgcc.a(_arm_addsubsf3.o)
                0x08000488                __aeabi_frsub
                0x08000490                __subsf3
                0x08000490                __aeabi_fsub
                0x08000494                __aeabi_fadd
                0x08000494                __addsf3
                0x080005f4                __aeabi_ui2f
                0x080005f4                __floatunsisf
                0x080005fc                __aeabi_i2f
                0x080005fc                __floatsisf
                0x08000618                __aeabi_ul2f
                0x08000618                __floatundisf
                0x08000628                __aeabi_l2f
                0x08000628                __floatdisf
 .text          0x080006a4      0x2a0 d:/gcc-arm-none-eabi/sysgcc/bin/../lib/gcc/arm-none-eabi/12.3.1/thumb/v7-m/nofp\libgcc.a(_arm_muldivsf3.o)
                0x080006a4                __mulsf3
                0x080006a4                __aeabi_fmul
                0x0800080c                __aeabi_fdiv
                0x0800080c                __divsf3
 .text          0x08000944       0xec d:/gcc-arm-none-eabi/sysgcc/bin/../lib/gcc/arm-none-eabi/12.3.1/thumb/v7-m/nofp\libgcc.a(_arm_cmpsf2.o)
                0x08000944                __gesf2
                0x08000944                __gtsf2
                0x0800094c                __lesf2
                0x0800094c                __ltsf2
                0x08000954                __nesf2
                0x08000954                __eqsf2
                0x08000954                __cmpsf2
                0x080009b4                __aeabi_cfrcmple
                0x080009bc                __aeabi_cfcmpeq
                0x080009bc                __aeabi_cfcmple
                0x080009cc                __aeabi_fcmpeq
                0x080009e0                __aeabi_fcmplt
                0x080009f4                __aeabi_fcmple
                0x08000a08                __aeabi_fcmpge
                0x08000a1c                __aeabi_fcmpgt
 .text          0x08000a30       0xec d:/gcc-arm-none-eabi/sysgcc/bin/../lib/gcc/arm-none-eabi/12.3.1/thumb/v7-m/nofp\libg.a(libc_a-memcpy.o)
                0x08000a30                memcpy
 .text          0x08000b1c      0x424 d:/gcc-arm-none-eabi/sysgcc/bin/../lib/gcc/arm-none-eabi/12.3.1/thumb/v7-m/nofp\libgcc.a(_arm_muldivdf3.o)
                0x08000b1c                __aeabi_dmul
                0x08000b1c                __muldf3
                0x08000d70                __divdf3
                0x08000d70                __aeabi_ddiv
 .text          0x08000f40      0x110 d:/gcc-arm-none-eabi/sysgcc/bin/../lib/gcc/arm-none-eabi/12.3.1/thumb/v7-m/nofp\libgcc.a(_arm_cmpdf2.o)
                0x08000f40                __gtdf2
                0x08000f40                __gedf2
                0x08000f48                __ltdf2
                0x08000f48                __ledf2
                0x08000f50                __nedf2
                0x08000f50                __eqdf2
                0x08000f50                __cmpdf2
                0x08000fcc                __aeabi_cdrcmple
                0x08000fdc                __aeabi_cdcmpeq
                0x08000fdc                __aeabi_cdcmple
                0x08000fec                __aeabi_dcmpeq
                0x08001000                __aeabi_dcmplt
                0x08001014                __aeabi_dcmple
                0x08001028                __aeabi_dcmpge
                0x0800103c                __aeabi_dcmpgt
 .text          0x08001050       0x2c d:/gcc-arm-none-eabi/sysgcc/bin/../lib/gcc/arm-none-eabi/12.3.1/thumb/v7-m/nofp\libgcc.a(_arm_unorddf2.o)
                0x08001050                __unorddf2
                0x08001050                __aeabi_dcmpun
 .text          0x0800107c       0x50 d:/gcc-arm-none-eabi/sysgcc/bin/../lib/gcc/arm-none-eabi/12.3.1/thumb/v7-m/nofp\libgcc.a(_arm_fixdfsi.o)
                0x0800107c                __aeabi_d2iz
                0x0800107c                __fixdfsi
 *(.text*)
 .text.deregister_tm_clones
                0x080010cc       0x1c d:/gcc-arm-none-eabi/sysgcc/bin/../lib/gcc/arm-none-eabi/12.3.1/thumb/v7-m/nofp/crtbegin.o
 .text.register_tm_clones
                0x080010e8       0x24 d:/gcc-arm-none-eabi/sysgcc/bin/../lib/gcc/arm-none-eabi/12.3.1/thumb/v7-m/nofp/crtbegin.o
 .text.__do_global_dtors_aux
                0x0800110c       0x28 d:/gcc-arm-none-eabi/sysgcc/bin/../lib/gcc/arm-none-eabi/12.3.1/thumb/v7-m/nofp/crtbegin.o
 .text.frame_dummy
                0x08001134       0x24 d:/gcc-arm-none-eabi/sysgcc/bin/../lib/gcc/arm-none-eabi/12.3.1/thumb/v7-m/nofp/crtbegin.o
 .text.MX_ADC1_Init
                0x08001158       0x5c CMakeFiles/Power.elf.dir/Core/Src/adc.c.obj
                0x08001158                MX_ADC1_Init
 .text.HAL_ADC_MspInit
                0x080011b4       0x70 CMakeFiles/Power.elf.dir/Core/Src/adc.c.obj
                0x080011b4                HAL_ADC_MspInit
 .text.MX_CAN_Init
                0x08001224       0x40 CMakeFiles/Power.elf.dir/Core/Src/can.c.obj
                0x08001224                MX_CAN_Init
 .text.HAL_CAN_MspInit
                0x08001264       0x98 CMakeFiles/Power.elf.dir/Core/Src/can.c.obj
                0x08001264                HAL_CAN_MspInit
 .text.MX_DMA_Init
                0x080012fc       0x44 CMakeFiles/Power.elf.dir/Core/Src/dma.c.obj
                0x080012fc                MX_DMA_Init
 .text.MX_GPIO_Init
                0x08001340       0x9c CMakeFiles/Power.elf.dir/Core/Src/gpio.c.obj
                0x08001340                MX_GPIO_Init
 .text.Error_Handler
                0x080013dc        0x4 CMakeFiles/Power.elf.dir/Core/Src/main.c.obj
                0x080013dc                Error_Handler
 .text.SystemClock_Config
                0x080013e0       0x84 CMakeFiles/Power.elf.dir/Core/Src/main.c.obj
                0x080013e0                SystemClock_Config
 .text.main     0x08001464       0x74 CMakeFiles/Power.elf.dir/Core/Src/main.c.obj
                0x08001464                main
 .text.HAL_MspInit
                0x080014d8       0x44 CMakeFiles/Power.elf.dir/Core/Src/stm32f1xx_hal_msp.c.obj
                0x080014d8                HAL_MspInit
 .text.NMI_Handler
                0x0800151c        0x2 CMakeFiles/Power.elf.dir/Core/Src/stm32f1xx_it.c.obj
                0x0800151c                NMI_Handler
 .text.HardFault_Handler
                0x0800151e        0x2 CMakeFiles/Power.elf.dir/Core/Src/stm32f1xx_it.c.obj
                0x0800151e                HardFault_Handler
 .text.MemManage_Handler
                0x08001520        0x2 CMakeFiles/Power.elf.dir/Core/Src/stm32f1xx_it.c.obj
                0x08001520                MemManage_Handler
 .text.BusFault_Handler
                0x08001522        0x2 CMakeFiles/Power.elf.dir/Core/Src/stm32f1xx_it.c.obj
                0x08001522                BusFault_Handler
 .text.UsageFault_Handler
                0x08001524        0x2 CMakeFiles/Power.elf.dir/Core/Src/stm32f1xx_it.c.obj
                0x08001524                UsageFault_Handler
 .text.SVC_Handler
                0x08001526        0x2 CMakeFiles/Power.elf.dir/Core/Src/stm32f1xx_it.c.obj
                0x08001526                SVC_Handler
 .text.DebugMon_Handler
                0x08001528        0x2 CMakeFiles/Power.elf.dir/Core/Src/stm32f1xx_it.c.obj
                0x08001528                DebugMon_Handler
 .text.PendSV_Handler
                0x0800152a        0x2 CMakeFiles/Power.elf.dir/Core/Src/stm32f1xx_it.c.obj
                0x0800152a                PendSV_Handler
 .text.SysTick_Handler
                0x0800152c        0x8 CMakeFiles/Power.elf.dir/Core/Src/stm32f1xx_it.c.obj
                0x0800152c                SysTick_Handler
 .text.DMA1_Channel4_IRQHandler
                0x08001534       0x10 CMakeFiles/Power.elf.dir/Core/Src/stm32f1xx_it.c.obj
                0x08001534                DMA1_Channel4_IRQHandler
 .text.DMA1_Channel5_IRQHandler
                0x08001544       0x10 CMakeFiles/Power.elf.dir/Core/Src/stm32f1xx_it.c.obj
                0x08001544                DMA1_Channel5_IRQHandler
 .text.ADC1_2_IRQHandler
                0x08001554       0x10 CMakeFiles/Power.elf.dir/Core/Src/stm32f1xx_it.c.obj
                0x08001554                ADC1_2_IRQHandler
 .text.USB_LP_CAN1_RX0_IRQHandler
                0x08001564       0x10 CMakeFiles/Power.elf.dir/Core/Src/stm32f1xx_it.c.obj
                0x08001564                USB_LP_CAN1_RX0_IRQHandler
 .text.TIM3_IRQHandler
                0x08001574       0x10 CMakeFiles/Power.elf.dir/Core/Src/stm32f1xx_it.c.obj
                0x08001574                TIM3_IRQHandler
 .text.USART1_IRQHandler
                0x08001584       0x10 CMakeFiles/Power.elf.dir/Core/Src/stm32f1xx_it.c.obj
                0x08001584                USART1_IRQHandler
 .text._getpid  0x08001594        0x4 CMakeFiles/Power.elf.dir/Core/Src/syscalls.c.obj
                0x08001594                _getpid
 .text._kill    0x08001598       0x10 CMakeFiles/Power.elf.dir/Core/Src/syscalls.c.obj
                0x08001598                _kill
 .text._exit    0x080015a8        0xc CMakeFiles/Power.elf.dir/Core/Src/syscalls.c.obj
                0x080015a8                _exit
 .text._read    0x080015b4       0x20 CMakeFiles/Power.elf.dir/Core/Src/syscalls.c.obj
                0x080015b4                _read
 .text._write   0x080015d4       0x1c CMakeFiles/Power.elf.dir/Core/Src/syscalls.c.obj
                0x080015d4                _write
 .text._close   0x080015f0        0x6 CMakeFiles/Power.elf.dir/Core/Src/syscalls.c.obj
                0x080015f0                _close
 .text._fstat   0x080015f6        0xa CMakeFiles/Power.elf.dir/Core/Src/syscalls.c.obj
                0x080015f6                _fstat
 .text._isatty  0x08001600        0x4 CMakeFiles/Power.elf.dir/Core/Src/syscalls.c.obj
                0x08001600                _isatty
 .text._lseek   0x08001604        0x4 CMakeFiles/Power.elf.dir/Core/Src/syscalls.c.obj
                0x08001604                _lseek
 .text._sbrk    0x08001608       0x48 CMakeFiles/Power.elf.dir/Core/Src/sysmem.c.obj
                0x08001608                _sbrk
 .text.SystemInit
                0x08001650        0x2 CMakeFiles/Power.elf.dir/Core/Src/system_stm32f1xx.c.obj
                0x08001650                SystemInit
 *fill*         0x08001652        0x2 
 .text.HAL_TIM_Base_MspInit
                0x08001654       0x40 CMakeFiles/Power.elf.dir/Core/Src/tim.c.obj
                0x08001654                HAL_TIM_Base_MspInit
 .text.HAL_TIM_MspPostInit
                0x08001694       0x4c CMakeFiles/Power.elf.dir/Core/Src/tim.c.obj
                0x08001694                HAL_TIM_MspPostInit
 .text.MX_TIM3_Init
                0x080016e0       0xb4 CMakeFiles/Power.elf.dir/Core/Src/tim.c.obj
                0x080016e0                MX_TIM3_Init
 .text.MX_USART1_UART_Init
                0x08001794       0x34 CMakeFiles/Power.elf.dir/Core/Src/usart.c.obj
                0x08001794                MX_USART1_UART_Init
 .text.HAL_UART_MspInit
                0x080017c8       0xf0 CMakeFiles/Power.elf.dir/Core/Src/usart.c.obj
                0x080017c8                HAL_UART_MspInit
 .text.Reset_Handler
                0x080018b8       0x48 CMakeFiles/Power.elf.dir/Core/Startup/startup_stm32f103c8tx.s.obj
                0x080018b8                Reset_Handler
 .text.Default_Handler
                0x08001900        0x2 CMakeFiles/Power.elf.dir/Core/Startup/startup_stm32f103c8tx.s.obj
                0x08001900                RTC_Alarm_IRQHandler
                0x08001900                EXTI2_IRQHandler
                0x08001900                TIM1_CC_IRQHandler
                0x08001900                PVD_IRQHandler
                0x08001900                EXTI3_IRQHandler
                0x08001900                EXTI0_IRQHandler
                0x08001900                I2C2_EV_IRQHandler
                0x08001900                SPI1_IRQHandler
                0x08001900                TAMPER_IRQHandler
                0x08001900                USART3_IRQHandler
                0x08001900                RTC_IRQHandler
                0x08001900                DMA1_Channel7_IRQHandler
                0x08001900                CAN1_RX1_IRQHandler
                0x08001900                TIM4_IRQHandler
                0x08001900                I2C1_EV_IRQHandler
                0x08001900                DMA1_Channel6_IRQHandler
                0x08001900                RCC_IRQHandler
                0x08001900                TIM1_TRG_COM_IRQHandler
                0x08001900                DMA1_Channel1_IRQHandler
                0x08001900                Default_Handler
                0x08001900                EXTI15_10_IRQHandler
                0x08001900                EXTI9_5_IRQHandler
                0x08001900                SPI2_IRQHandler
                0x08001900                EXTI4_IRQHandler
                0x08001900                USB_HP_CAN1_TX_IRQHandler
                0x08001900                DMA1_Channel3_IRQHandler
                0x08001900                TIM1_UP_IRQHandler
                0x08001900                WWDG_IRQHandler
                0x08001900                TIM2_IRQHandler
                0x08001900                TIM1_BRK_IRQHandler
                0x08001900                EXTI1_IRQHandler
                0x08001900                USART2_IRQHandler
                0x08001900                I2C2_ER_IRQHandler
                0x08001900                DMA1_Channel2_IRQHandler
                0x08001900                CAN1_SCE_IRQHandler
                0x08001900                FLASH_IRQHandler
                0x08001900                I2C1_ER_IRQHandler
                0x08001900                USBWakeUp_IRQHandler
 *fill*         0x08001902        0x2 
 .text.HAL_InitTick
                0x08001904       0x4c CMakeFiles/Power.elf.dir/Drivers/STM32F1xx_HAL_Driver/Src/stm32f1xx_hal.c.obj
                0x08001904                HAL_InitTick
 .text.HAL_Init
                0x08001950       0x24 CMakeFiles/Power.elf.dir/Drivers/STM32F1xx_HAL_Driver/Src/stm32f1xx_hal.c.obj
                0x08001950                HAL_Init
 .text.HAL_IncTick
                0x08001974       0x18 CMakeFiles/Power.elf.dir/Drivers/STM32F1xx_HAL_Driver/Src/stm32f1xx_hal.c.obj
                0x08001974                HAL_IncTick
 .text.HAL_GetTick
                0x0800198c        0xc CMakeFiles/Power.elf.dir/Drivers/STM32F1xx_HAL_Driver/Src/stm32f1xx_hal.c.obj
                0x0800198c                HAL_GetTick
 .text.HAL_Delay
                0x08001998       0x28 CMakeFiles/Power.elf.dir/Drivers/STM32F1xx_HAL_Driver/Src/stm32f1xx_hal.c.obj
                0x08001998                HAL_Delay
 .text.HAL_ADC_PollForConversion
                0x080019c0      0x184 CMakeFiles/Power.elf.dir/Drivers/STM32F1xx_HAL_Driver/Src/stm32f1xx_hal_adc.c.obj
                0x080019c0                HAL_ADC_PollForConversion
 .text.HAL_ADC_GetValue
                0x08001b44        0x6 CMakeFiles/Power.elf.dir/Drivers/STM32F1xx_HAL_Driver/Src/stm32f1xx_hal_adc.c.obj
                0x08001b44                HAL_ADC_GetValue
 .text.HAL_ADC_ConvCpltCallback
                0x08001b4a        0x2 CMakeFiles/Power.elf.dir/Drivers/STM32F1xx_HAL_Driver/Src/stm32f1xx_hal_adc.c.obj
                0x08001b4a                HAL_ADC_ConvCpltCallback
 .text.HAL_ADC_LevelOutOfWindowCallback
                0x08001b4c        0x2 CMakeFiles/Power.elf.dir/Drivers/STM32F1xx_HAL_Driver/Src/stm32f1xx_hal_adc.c.obj
                0x08001b4c                HAL_ADC_LevelOutOfWindowCallback
 .text.HAL_ADC_IRQHandler
                0x08001b4e      0x102 CMakeFiles/Power.elf.dir/Drivers/STM32F1xx_HAL_Driver/Src/stm32f1xx_hal_adc.c.obj
                0x08001b4e                HAL_ADC_IRQHandler
 .text.HAL_ADC_ConfigChannel
                0x08001c50      0x140 CMakeFiles/Power.elf.dir/Drivers/STM32F1xx_HAL_Driver/Src/stm32f1xx_hal_adc.c.obj
                0x08001c50                HAL_ADC_ConfigChannel
 .text.ADC_Enable
                0x08001d90       0x88 CMakeFiles/Power.elf.dir/Drivers/STM32F1xx_HAL_Driver/Src/stm32f1xx_hal_adc.c.obj
                0x08001d90                ADC_Enable
 .text.HAL_ADC_Start
                0x08001e18       0xe8 CMakeFiles/Power.elf.dir/Drivers/STM32F1xx_HAL_Driver/Src/stm32f1xx_hal_adc.c.obj
                0x08001e18                HAL_ADC_Start
 .text.ADC_ConversionStop_Disable
                0x08001f00       0x56 CMakeFiles/Power.elf.dir/Drivers/STM32F1xx_HAL_Driver/Src/stm32f1xx_hal_adc.c.obj
                0x08001f00                ADC_ConversionStop_Disable
 *fill*         0x08001f56        0x2 
 .text.HAL_ADC_Init
                0x08001f58      0x108 CMakeFiles/Power.elf.dir/Drivers/STM32F1xx_HAL_Driver/Src/stm32f1xx_hal_adc.c.obj
                0x08001f58                HAL_ADC_Init
 .text.HAL_ADCEx_Calibration_Start
                0x08002060      0x100 CMakeFiles/Power.elf.dir/Drivers/STM32F1xx_HAL_Driver/Src/stm32f1xx_hal_adc_ex.c.obj
                0x08002060                HAL_ADCEx_Calibration_Start
 .text.HAL_ADCEx_InjectedConvCpltCallback
                0x08002160        0x2 CMakeFiles/Power.elf.dir/Drivers/STM32F1xx_HAL_Driver/Src/stm32f1xx_hal_adc_ex.c.obj
                0x08002160                HAL_ADCEx_InjectedConvCpltCallback
 .text.HAL_CAN_Init
                0x08002162      0x14c CMakeFiles/Power.elf.dir/Drivers/STM32F1xx_HAL_Driver/Src/stm32f1xx_hal_can.c.obj
                0x08002162                HAL_CAN_Init
 .text.HAL_CAN_ConfigFilter
                0x080022ae      0x10c CMakeFiles/Power.elf.dir/Drivers/STM32F1xx_HAL_Driver/Src/stm32f1xx_hal_can.c.obj
                0x080022ae                HAL_CAN_ConfigFilter
 .text.HAL_CAN_Start
                0x080023ba       0x5c CMakeFiles/Power.elf.dir/Drivers/STM32F1xx_HAL_Driver/Src/stm32f1xx_hal_can.c.obj
                0x080023ba                HAL_CAN_Start
 .text.HAL_CAN_AddTxMessage
                0x08002416       0xea CMakeFiles/Power.elf.dir/Drivers/STM32F1xx_HAL_Driver/Src/stm32f1xx_hal_can.c.obj
                0x08002416                HAL_CAN_AddTxMessage
 .text.HAL_CAN_GetRxMessage
                0x08002500      0x16a CMakeFiles/Power.elf.dir/Drivers/STM32F1xx_HAL_Driver/Src/stm32f1xx_hal_can.c.obj
                0x08002500                HAL_CAN_GetRxMessage
 .text.HAL_CAN_ActivateNotification
                0x0800266a       0x24 CMakeFiles/Power.elf.dir/Drivers/STM32F1xx_HAL_Driver/Src/stm32f1xx_hal_can.c.obj
                0x0800266a                HAL_CAN_ActivateNotification
 .text.HAL_CAN_TxMailbox0CompleteCallback
                0x0800268e        0x2 CMakeFiles/Power.elf.dir/Drivers/STM32F1xx_HAL_Driver/Src/stm32f1xx_hal_can.c.obj
                0x0800268e                HAL_CAN_TxMailbox0CompleteCallback
 .text.HAL_CAN_TxMailbox1CompleteCallback
                0x08002690        0x2 CMakeFiles/Power.elf.dir/Drivers/STM32F1xx_HAL_Driver/Src/stm32f1xx_hal_can.c.obj
                0x08002690                HAL_CAN_TxMailbox1CompleteCallback
 .text.HAL_CAN_TxMailbox2CompleteCallback
                0x08002692        0x2 CMakeFiles/Power.elf.dir/Drivers/STM32F1xx_HAL_Driver/Src/stm32f1xx_hal_can.c.obj
                0x08002692                HAL_CAN_TxMailbox2CompleteCallback
 .text.HAL_CAN_TxMailbox0AbortCallback
                0x08002694        0x2 CMakeFiles/Power.elf.dir/Drivers/STM32F1xx_HAL_Driver/Src/stm32f1xx_hal_can.c.obj
                0x08002694                HAL_CAN_TxMailbox0AbortCallback
 .text.HAL_CAN_TxMailbox1AbortCallback
                0x08002696        0x2 CMakeFiles/Power.elf.dir/Drivers/STM32F1xx_HAL_Driver/Src/stm32f1xx_hal_can.c.obj
                0x08002696                HAL_CAN_TxMailbox1AbortCallback
 .text.HAL_CAN_TxMailbox2AbortCallback
                0x08002698        0x2 CMakeFiles/Power.elf.dir/Drivers/STM32F1xx_HAL_Driver/Src/stm32f1xx_hal_can.c.obj
                0x08002698                HAL_CAN_TxMailbox2AbortCallback
 .text.HAL_CAN_RxFifo0FullCallback
                0x0800269a        0x2 CMakeFiles/Power.elf.dir/Drivers/STM32F1xx_HAL_Driver/Src/stm32f1xx_hal_can.c.obj
                0x0800269a                HAL_CAN_RxFifo0FullCallback
 .text.HAL_CAN_RxFifo1MsgPendingCallback
                0x0800269c        0x2 CMakeFiles/Power.elf.dir/Drivers/STM32F1xx_HAL_Driver/Src/stm32f1xx_hal_can.c.obj
                0x0800269c                HAL_CAN_RxFifo1MsgPendingCallback
 .text.HAL_CAN_RxFifo1FullCallback
                0x0800269e        0x2 CMakeFiles/Power.elf.dir/Drivers/STM32F1xx_HAL_Driver/Src/stm32f1xx_hal_can.c.obj
                0x0800269e                HAL_CAN_RxFifo1FullCallback
 .text.HAL_CAN_SleepCallback
                0x080026a0        0x2 CMakeFiles/Power.elf.dir/Drivers/STM32F1xx_HAL_Driver/Src/stm32f1xx_hal_can.c.obj
                0x080026a0                HAL_CAN_SleepCallback
 .text.HAL_CAN_WakeUpFromRxMsgCallback
                0x080026a2        0x2 CMakeFiles/Power.elf.dir/Drivers/STM32F1xx_HAL_Driver/Src/stm32f1xx_hal_can.c.obj
                0x080026a2                HAL_CAN_WakeUpFromRxMsgCallback
 .text.HAL_CAN_ErrorCallback
                0x080026a4        0x2 CMakeFiles/Power.elf.dir/Drivers/STM32F1xx_HAL_Driver/Src/stm32f1xx_hal_can.c.obj
                0x080026a4                HAL_CAN_ErrorCallback
 .text.HAL_CAN_IRQHandler
                0x080026a6      0x24a CMakeFiles/Power.elf.dir/Drivers/STM32F1xx_HAL_Driver/Src/stm32f1xx_hal_can.c.obj
                0x080026a6                HAL_CAN_IRQHandler
 .text.__NVIC_SetPriority
                0x080028f0       0x28 CMakeFiles/Power.elf.dir/Drivers/STM32F1xx_HAL_Driver/Src/stm32f1xx_hal_cortex.c.obj
 .text.NVIC_EncodePriority
                0x08002918       0x3e CMakeFiles/Power.elf.dir/Drivers/STM32F1xx_HAL_Driver/Src/stm32f1xx_hal_cortex.c.obj
 *fill*         0x08002956        0x2 
 .text.HAL_NVIC_SetPriorityGrouping
                0x08002958       0x24 CMakeFiles/Power.elf.dir/Drivers/STM32F1xx_HAL_Driver/Src/stm32f1xx_hal_cortex.c.obj
                0x08002958                HAL_NVIC_SetPriorityGrouping
 .text.HAL_NVIC_SetPriority
                0x0800297c       0x20 CMakeFiles/Power.elf.dir/Drivers/STM32F1xx_HAL_Driver/Src/stm32f1xx_hal_cortex.c.obj
                0x0800297c                HAL_NVIC_SetPriority
 .text.HAL_NVIC_EnableIRQ
                0x0800299c       0x1c CMakeFiles/Power.elf.dir/Drivers/STM32F1xx_HAL_Driver/Src/stm32f1xx_hal_cortex.c.obj
                0x0800299c                HAL_NVIC_EnableIRQ
 .text.HAL_SYSTICK_Config
                0x080029b8       0x28 CMakeFiles/Power.elf.dir/Drivers/STM32F1xx_HAL_Driver/Src/stm32f1xx_hal_cortex.c.obj
                0x080029b8                HAL_SYSTICK_Config
 .text.DMA_SetConfig
                0x080029e0       0x2c CMakeFiles/Power.elf.dir/Drivers/STM32F1xx_HAL_Driver/Src/stm32f1xx_hal_dma.c.obj
 .text.HAL_DMA_Init
                0x08002a0c       0x6c CMakeFiles/Power.elf.dir/Drivers/STM32F1xx_HAL_Driver/Src/stm32f1xx_hal_dma.c.obj
                0x08002a0c                HAL_DMA_Init
 .text.HAL_DMA_Start_IT
                0x08002a78       0x76 CMakeFiles/Power.elf.dir/Drivers/STM32F1xx_HAL_Driver/Src/stm32f1xx_hal_dma.c.obj
                0x08002a78                HAL_DMA_Start_IT
 .text.HAL_DMA_Abort
                0x08002aee       0x46 CMakeFiles/Power.elf.dir/Drivers/STM32F1xx_HAL_Driver/Src/stm32f1xx_hal_dma.c.obj
                0x08002aee                HAL_DMA_Abort
 .text.HAL_DMA_Abort_IT
                0x08002b34       0x98 CMakeFiles/Power.elf.dir/Drivers/STM32F1xx_HAL_Driver/Src/stm32f1xx_hal_dma.c.obj
                0x08002b34                HAL_DMA_Abort_IT
 .text.HAL_DMA_IRQHandler
                0x08002bcc      0x144 CMakeFiles/Power.elf.dir/Drivers/STM32F1xx_HAL_Driver/Src/stm32f1xx_hal_dma.c.obj
                0x08002bcc                HAL_DMA_IRQHandler
 .text.HAL_GPIO_Init
                0x08002d10      0x21c CMakeFiles/Power.elf.dir/Drivers/STM32F1xx_HAL_Driver/Src/stm32f1xx_hal_gpio.c.obj
                0x08002d10                HAL_GPIO_Init
 .text.HAL_GPIO_WritePin
                0x08002f2c        0xc CMakeFiles/Power.elf.dir/Drivers/STM32F1xx_HAL_Driver/Src/stm32f1xx_hal_gpio.c.obj
                0x08002f2c                HAL_GPIO_WritePin
 .text.RCC_Delay
                0x08002f38       0x2c CMakeFiles/Power.elf.dir/Drivers/STM32F1xx_HAL_Driver/Src/stm32f1xx_hal_rcc.c.obj
 .text.HAL_RCC_OscConfig
                0x08002f64      0x410 CMakeFiles/Power.elf.dir/Drivers/STM32F1xx_HAL_Driver/Src/stm32f1xx_hal_rcc.c.obj
                0x08002f64                HAL_RCC_OscConfig
 .text.HAL_RCC_GetSysClockFreq
                0x08003374       0x54 CMakeFiles/Power.elf.dir/Drivers/STM32F1xx_HAL_Driver/Src/stm32f1xx_hal_rcc.c.obj
                0x08003374                HAL_RCC_GetSysClockFreq
 .text.HAL_RCC_ClockConfig
                0x080033c8      0x16c CMakeFiles/Power.elf.dir/Drivers/STM32F1xx_HAL_Driver/Src/stm32f1xx_hal_rcc.c.obj
                0x080033c8                HAL_RCC_ClockConfig
 .text.HAL_RCC_GetHCLKFreq
                0x08003534        0xc CMakeFiles/Power.elf.dir/Drivers/STM32F1xx_HAL_Driver/Src/stm32f1xx_hal_rcc.c.obj
                0x08003534                HAL_RCC_GetHCLKFreq
 .text.HAL_RCC_GetPCLK1Freq
                0x08003540       0x20 CMakeFiles/Power.elf.dir/Drivers/STM32F1xx_HAL_Driver/Src/stm32f1xx_hal_rcc.c.obj
                0x08003540                HAL_RCC_GetPCLK1Freq
 .text.HAL_RCC_GetPCLK2Freq
                0x08003560       0x20 CMakeFiles/Power.elf.dir/Drivers/STM32F1xx_HAL_Driver/Src/stm32f1xx_hal_rcc.c.obj
                0x08003560                HAL_RCC_GetPCLK2Freq
 .text.HAL_RCCEx_PeriphCLKConfig
                0x08003580      0x118 CMakeFiles/Power.elf.dir/Drivers/STM32F1xx_HAL_Driver/Src/stm32f1xx_hal_rcc_ex.c.obj
                0x08003580                HAL_RCCEx_PeriphCLKConfig
 .text.HAL_RCCEx_GetPeriphCLKFreq
                0x08003698       0xd8 CMakeFiles/Power.elf.dir/Drivers/STM32F1xx_HAL_Driver/Src/stm32f1xx_hal_rcc_ex.c.obj
                0x08003698                HAL_RCCEx_GetPeriphCLKFreq
 .text.TIM_OC1_SetConfig
                0x08003770       0x54 CMakeFiles/Power.elf.dir/Drivers/STM32F1xx_HAL_Driver/Src/stm32f1xx_hal_tim.c.obj
 .text.TIM_OC3_SetConfig
                0x080037c4       0x5c CMakeFiles/Power.elf.dir/Drivers/STM32F1xx_HAL_Driver/Src/stm32f1xx_hal_tim.c.obj
 .text.TIM_OC4_SetConfig
                0x08003820       0x48 CMakeFiles/Power.elf.dir/Drivers/STM32F1xx_HAL_Driver/Src/stm32f1xx_hal_tim.c.obj
 .text.TIM_TI1_ConfigInputStage
                0x08003868       0x24 CMakeFiles/Power.elf.dir/Drivers/STM32F1xx_HAL_Driver/Src/stm32f1xx_hal_tim.c.obj
 .text.TIM_TI2_ConfigInputStage
                0x0800388c       0x26 CMakeFiles/Power.elf.dir/Drivers/STM32F1xx_HAL_Driver/Src/stm32f1xx_hal_tim.c.obj
 .text.TIM_ITRx_SetConfig
                0x080038b2       0x10 CMakeFiles/Power.elf.dir/Drivers/STM32F1xx_HAL_Driver/Src/stm32f1xx_hal_tim.c.obj
 .text.HAL_TIM_PWM_MspInit
                0x080038c2        0x2 CMakeFiles/Power.elf.dir/Drivers/STM32F1xx_HAL_Driver/Src/stm32f1xx_hal_tim.c.obj
                0x080038c2                HAL_TIM_PWM_MspInit
 .text.HAL_TIM_PeriodElapsedCallback
                0x080038c4        0x2 CMakeFiles/Power.elf.dir/Drivers/STM32F1xx_HAL_Driver/Src/stm32f1xx_hal_tim.c.obj
                0x080038c4                HAL_TIM_PeriodElapsedCallback
 .text.HAL_TIM_OC_DelayElapsedCallback
                0x080038c6        0x2 CMakeFiles/Power.elf.dir/Drivers/STM32F1xx_HAL_Driver/Src/stm32f1xx_hal_tim.c.obj
                0x080038c6                HAL_TIM_OC_DelayElapsedCallback
 .text.HAL_TIM_IC_CaptureCallback
                0x080038c8        0x2 CMakeFiles/Power.elf.dir/Drivers/STM32F1xx_HAL_Driver/Src/stm32f1xx_hal_tim.c.obj
                0x080038c8                HAL_TIM_IC_CaptureCallback
 .text.HAL_TIM_PWM_PulseFinishedCallback
                0x080038ca        0x2 CMakeFiles/Power.elf.dir/Drivers/STM32F1xx_HAL_Driver/Src/stm32f1xx_hal_tim.c.obj
                0x080038ca                HAL_TIM_PWM_PulseFinishedCallback
 .text.HAL_TIM_TriggerCallback
                0x080038cc        0x2 CMakeFiles/Power.elf.dir/Drivers/STM32F1xx_HAL_Driver/Src/stm32f1xx_hal_tim.c.obj
                0x080038cc                HAL_TIM_TriggerCallback
 .text.HAL_TIM_IRQHandler
                0x080038ce      0x15e CMakeFiles/Power.elf.dir/Drivers/STM32F1xx_HAL_Driver/Src/stm32f1xx_hal_tim.c.obj
                0x080038ce                HAL_TIM_IRQHandler
 .text.TIM_Base_SetConfig
                0x08003a2c       0x84 CMakeFiles/Power.elf.dir/Drivers/STM32F1xx_HAL_Driver/Src/stm32f1xx_hal_tim.c.obj
                0x08003a2c                TIM_Base_SetConfig
 .text.HAL_TIM_Base_Init
                0x08003ab0       0x58 CMakeFiles/Power.elf.dir/Drivers/STM32F1xx_HAL_Driver/Src/stm32f1xx_hal_tim.c.obj
                0x08003ab0                HAL_TIM_Base_Init
 .text.HAL_TIM_PWM_Init
                0x08003b08       0x58 CMakeFiles/Power.elf.dir/Drivers/STM32F1xx_HAL_Driver/Src/stm32f1xx_hal_tim.c.obj
                0x08003b08                HAL_TIM_PWM_Init
 .text.TIM_OC2_SetConfig
                0x08003b60       0x5c CMakeFiles/Power.elf.dir/Drivers/STM32F1xx_HAL_Driver/Src/stm32f1xx_hal_tim.c.obj
                0x08003b60                TIM_OC2_SetConfig
 .text.HAL_TIM_PWM_ConfigChannel
                0x08003bbc       0xdc CMakeFiles/Power.elf.dir/Drivers/STM32F1xx_HAL_Driver/Src/stm32f1xx_hal_tim.c.obj
                0x08003bbc                HAL_TIM_PWM_ConfigChannel
 .text.TIM_ETR_SetConfig
                0x08003c98       0x18 CMakeFiles/Power.elf.dir/Drivers/STM32F1xx_HAL_Driver/Src/stm32f1xx_hal_tim.c.obj
                0x08003c98                TIM_ETR_SetConfig
 .text.HAL_TIM_ConfigClockSource
                0x08003cb0       0xfe CMakeFiles/Power.elf.dir/Drivers/STM32F1xx_HAL_Driver/Src/stm32f1xx_hal_tim.c.obj
                0x08003cb0                HAL_TIM_ConfigClockSource
 .text.TIM_CCxChannelCmd
                0x08003dae       0x1e CMakeFiles/Power.elf.dir/Drivers/STM32F1xx_HAL_Driver/Src/stm32f1xx_hal_tim.c.obj
                0x08003dae                TIM_CCxChannelCmd
 .text.HAL_TIM_PWM_Start
                0x08003dcc       0xdc CMakeFiles/Power.elf.dir/Drivers/STM32F1xx_HAL_Driver/Src/stm32f1xx_hal_tim.c.obj
                0x08003dcc                HAL_TIM_PWM_Start
 .text.HAL_TIMEx_MasterConfigSynchronization
                0x08003ea8       0x6c CMakeFiles/Power.elf.dir/Drivers/STM32F1xx_HAL_Driver/Src/stm32f1xx_hal_tim_ex.c.obj
                0x08003ea8                HAL_TIMEx_MasterConfigSynchronization
 .text.HAL_TIMEx_CommutCallback
                0x08003f14        0x2 CMakeFiles/Power.elf.dir/Drivers/STM32F1xx_HAL_Driver/Src/stm32f1xx_hal_tim_ex.c.obj
                0x08003f14                HAL_TIMEx_CommutCallback
 .text.HAL_TIMEx_BreakCallback
                0x08003f16        0x2 CMakeFiles/Power.elf.dir/Drivers/STM32F1xx_HAL_Driver/Src/stm32f1xx_hal_tim_ex.c.obj
                0x08003f16                HAL_TIMEx_BreakCallback
 .text.UART_EndTxTransfer
                0x08003f18       0x20 CMakeFiles/Power.elf.dir/Drivers/STM32F1xx_HAL_Driver/Src/stm32f1xx_hal_uart.c.obj
 .text.UART_EndRxTransfer
                0x08003f38       0x5c CMakeFiles/Power.elf.dir/Drivers/STM32F1xx_HAL_Driver/Src/stm32f1xx_hal_uart.c.obj
 .text.UART_Transmit_IT
                0x08003f94       0x60 CMakeFiles/Power.elf.dir/Drivers/STM32F1xx_HAL_Driver/Src/stm32f1xx_hal_uart.c.obj
 .text.UART_SetConfig
                0x08003ff4       0x94 CMakeFiles/Power.elf.dir/Drivers/STM32F1xx_HAL_Driver/Src/stm32f1xx_hal_uart.c.obj
 .text.HAL_UART_Init
                0x08004088       0x60 CMakeFiles/Power.elf.dir/Drivers/STM32F1xx_HAL_Driver/Src/stm32f1xx_hal_uart.c.obj
                0x08004088                HAL_UART_Init
 .text.HAL_UART_Transmit_DMA
                0x080040e8       0x84 CMakeFiles/Power.elf.dir/Drivers/STM32F1xx_HAL_Driver/Src/stm32f1xx_hal_uart.c.obj
                0x080040e8                HAL_UART_Transmit_DMA
 .text.HAL_UART_TxCpltCallback
                0x0800416c        0x2 CMakeFiles/Power.elf.dir/Drivers/STM32F1xx_HAL_Driver/Src/stm32f1xx_hal_uart.c.obj
                0x0800416c                HAL_UART_TxCpltCallback
 .text.UART_DMATransmitCplt
                0x0800416e       0x4c CMakeFiles/Power.elf.dir/Drivers/STM32F1xx_HAL_Driver/Src/stm32f1xx_hal_uart.c.obj
 .text.UART_EndTransmit_IT
                0x080041ba       0x1a CMakeFiles/Power.elf.dir/Drivers/STM32F1xx_HAL_Driver/Src/stm32f1xx_hal_uart.c.obj
 .text.HAL_UART_TxHalfCpltCallback
                0x080041d4        0x2 CMakeFiles/Power.elf.dir/Drivers/STM32F1xx_HAL_Driver/Src/stm32f1xx_hal_uart.c.obj
                0x080041d4                HAL_UART_TxHalfCpltCallback
 .text.UART_DMATxHalfCplt
                0x080041d6        0xa CMakeFiles/Power.elf.dir/Drivers/STM32F1xx_HAL_Driver/Src/stm32f1xx_hal_uart.c.obj
 .text.HAL_UART_RxCpltCallback
                0x080041e0        0x2 CMakeFiles/Power.elf.dir/Drivers/STM32F1xx_HAL_Driver/Src/stm32f1xx_hal_uart.c.obj
                0x080041e0                HAL_UART_RxCpltCallback
 .text.HAL_UART_ErrorCallback
                0x080041e2        0x2 CMakeFiles/Power.elf.dir/Drivers/STM32F1xx_HAL_Driver/Src/stm32f1xx_hal_uart.c.obj
                0x080041e2                HAL_UART_ErrorCallback
 .text.UART_DMAError
                0x080041e4       0x58 CMakeFiles/Power.elf.dir/Drivers/STM32F1xx_HAL_Driver/Src/stm32f1xx_hal_uart.c.obj
 .text.UART_DMAAbortOnError
                0x0800423c       0x10 CMakeFiles/Power.elf.dir/Drivers/STM32F1xx_HAL_Driver/Src/stm32f1xx_hal_uart.c.obj
 .text.HAL_UARTEx_RxEventCallback
                0x0800424c        0x2 CMakeFiles/Power.elf.dir/Drivers/STM32F1xx_HAL_Driver/Src/stm32f1xx_hal_uart.c.obj
                0x0800424c                HAL_UARTEx_RxEventCallback
 .text.UART_Receive_IT
                0x0800424e       0xe6 CMakeFiles/Power.elf.dir/Drivers/STM32F1xx_HAL_Driver/Src/stm32f1xx_hal_uart.c.obj
 .text.HAL_UART_IRQHandler
                0x08004334      0x284 CMakeFiles/Power.elf.dir/Drivers/STM32F1xx_HAL_Driver/Src/stm32f1xx_hal_uart.c.obj
                0x08004334                HAL_UART_IRQHandler
 .text.ADC_Init
                0x080045b8       0x48 CMakeFiles/Power.elf.dir/User/ADC/adcio.c.obj
                0x080045b8                ADC_Init
 .text.ADC_Filter
                0x08004600       0x50 CMakeFiles/Power.elf.dir/User/ADC/adcio.c.obj
                0x08004600                ADC_Filter
 .text.ADC_Cali
                0x08004650       0x20 CMakeFiles/Power.elf.dir/User/ADC/adcio.c.obj
                0x08004650                ADC_Cali
 .text.ADC_Update
                0x08004670       0xbc CMakeFiles/Power.elf.dir/User/ADC/adcio.c.obj
                0x08004670                ADC_Update
 .text.Buzzer_Init
                0x0800472c       0x18 CMakeFiles/Power.elf.dir/User/BUZZER/buzzer.c.obj
                0x0800472c                Buzzer_Init
 .text.Buzzer_Start
                0x08004744       0x18 CMakeFiles/Power.elf.dir/User/BUZZER/buzzer.c.obj
                0x08004744                Buzzer_Start
 .text.Buzzer_Stop
                0x0800475c       0x30 CMakeFiles/Power.elf.dir/User/BUZZER/buzzer.c.obj
                0x0800475c                Buzzer_Stop
 .text.Buzzer_Play
                0x0800478c       0x98 CMakeFiles/Power.elf.dir/User/BUZZER/buzzer.c.obj
                0x0800478c                Buzzer_Play
 .text.CAN_Init
                0x08004824       0x40 CMakeFiles/Power.elf.dir/User/CAN/canio.c.obj
                0x08004824                CAN_Init
 .text.CAN_SendMessage
                0x08004864       0x2c CMakeFiles/Power.elf.dir/User/CAN/canio.c.obj
                0x08004864                CAN_SendMessage
 .text.HAL_CAN_RxFifo0MsgPendingCallback
                0x08004890       0x14 CMakeFiles/Power.elf.dir/User/CAN/canio.c.obj
                0x08004890                HAL_CAN_RxFifo0MsgPendingCallback
 .text.UART_Print
                0x080048a4       0x38 CMakeFiles/Power.elf.dir/User/UART/uartio.c.obj
                0x080048a4                UART_Print
 .text.stdio_exit_handler
                0x080048dc       0x18 d:/gcc-arm-none-eabi/sysgcc/bin/../lib/gcc/arm-none-eabi/12.3.1/thumb/v7-m/nofp\libg.a(libc_a-findfp.o)
 .text.cleanup_stdio
                0x080048f4       0x40 d:/gcc-arm-none-eabi/sysgcc/bin/../lib/gcc/arm-none-eabi/12.3.1/thumb/v7-m/nofp\libg.a(libc_a-findfp.o)
 .text.global_stdio_init.part.0
                0x08004934       0xf0 d:/gcc-arm-none-eabi/sysgcc/bin/../lib/gcc/arm-none-eabi/12.3.1/thumb/v7-m/nofp\libg.a(libc_a-findfp.o)
 .text.__sinit  0x08004a24       0x3c d:/gcc-arm-none-eabi/sysgcc/bin/../lib/gcc/arm-none-eabi/12.3.1/thumb/v7-m/nofp\libg.a(libc_a-findfp.o)
                0x08004a24                __sinit
 .text.__sfp_lock_acquire
                0x08004a60        0xc d:/gcc-arm-none-eabi/sysgcc/bin/../lib/gcc/arm-none-eabi/12.3.1/thumb/v7-m/nofp\libg.a(libc_a-findfp.o)
                0x08004a60                __sfp_lock_acquire
 .text.__sfp_lock_release
                0x08004a6c        0xc d:/gcc-arm-none-eabi/sysgcc/bin/../lib/gcc/arm-none-eabi/12.3.1/thumb/v7-m/nofp\libg.a(libc_a-findfp.o)
                0x08004a6c                __sfp_lock_release
 .text._fwalk_sglue
                0x08004a78       0x44 d:/gcc-arm-none-eabi/sysgcc/bin/../lib/gcc/arm-none-eabi/12.3.1/thumb/v7-m/nofp\libg.a(libc_a-fwalk.o)
                0x08004a78                _fwalk_sglue
 .text.__sread  0x08004abc       0x24 d:/gcc-arm-none-eabi/sysgcc/bin/../lib/gcc/arm-none-eabi/12.3.1/thumb/v7-m/nofp\libg.a(libc_a-stdio.o)
                0x08004abc                __sread
 .text.__swrite
                0x08004ae0       0x40 d:/gcc-arm-none-eabi/sysgcc/bin/../lib/gcc/arm-none-eabi/12.3.1/thumb/v7-m/nofp\libg.a(libc_a-stdio.o)
                0x08004ae0                __swrite
 .text.__sseek  0x08004b20       0x24 d:/gcc-arm-none-eabi/sysgcc/bin/../lib/gcc/arm-none-eabi/12.3.1/thumb/v7-m/nofp\libg.a(libc_a-stdio.o)
                0x08004b20                __sseek
 .text.__sclose
                0x08004b44        0x8 d:/gcc-arm-none-eabi/sysgcc/bin/../lib/gcc/arm-none-eabi/12.3.1/thumb/v7-m/nofp\libg.a(libc_a-stdio.o)
                0x08004b44                __sclose
 .text.vsnprintf
                0x08004b4c       0x6c d:/gcc-arm-none-eabi/sysgcc/bin/../lib/gcc/arm-none-eabi/12.3.1/thumb/v7-m/nofp\libg.a(libc_a-vsnprintf.o)
                0x08004b4c                vsnprintf
 .text.memset   0x08004bb8       0xa0 d:/gcc-arm-none-eabi/sysgcc/bin/../lib/gcc/arm-none-eabi/12.3.1/thumb/v7-m/nofp\libg.a(libc_a-memset.o)
                0x08004bb8                memset
 .text._close_r
                0x08004c58       0x24 d:/gcc-arm-none-eabi/sysgcc/bin/../lib/gcc/arm-none-eabi/12.3.1/thumb/v7-m/nofp\libg.a(libc_a-closer.o)
                0x08004c58                _close_r
 .text._lseek_r
                0x08004c7c       0x2c d:/gcc-arm-none-eabi/sysgcc/bin/../lib/gcc/arm-none-eabi/12.3.1/thumb/v7-m/nofp\libg.a(libc_a-lseekr.o)
                0x08004c7c                _lseek_r
 .text._read_r  0x08004ca8       0x2c d:/gcc-arm-none-eabi/sysgcc/bin/../lib/gcc/arm-none-eabi/12.3.1/thumb/v7-m/nofp\libg.a(libc_a-readr.o)
                0x08004ca8                _read_r
 .text._write_r
                0x08004cd4       0x2c d:/gcc-arm-none-eabi/sysgcc/bin/../lib/gcc/arm-none-eabi/12.3.1/thumb/v7-m/nofp\libg.a(libc_a-writer.o)
                0x08004cd4                _write_r
 .text.__errno  0x08004d00        0xc d:/gcc-arm-none-eabi/sysgcc/bin/../lib/gcc/arm-none-eabi/12.3.1/thumb/v7-m/nofp\libg.a(libc_a-errno.o)
                0x08004d00                __errno
 .text.__libc_init_array
                0x08004d0c       0x50 d:/gcc-arm-none-eabi/sysgcc/bin/../lib/gcc/arm-none-eabi/12.3.1/thumb/v7-m/nofp\libg.a(libc_a-init.o)
                0x08004d0c                __libc_init_array
 .text.__retarget_lock_init_recursive
                0x08004d5c        0x4 d:/gcc-arm-none-eabi/sysgcc/bin/../lib/gcc/arm-none-eabi/12.3.1/thumb/v7-m/nofp\libg.a(libc_a-lock.o)
                0x08004d5c                __retarget_lock_init_recursive
 .text.__retarget_lock_close_recursive
                0x08004d60        0x4 d:/gcc-arm-none-eabi/sysgcc/bin/../lib/gcc/arm-none-eabi/12.3.1/thumb/v7-m/nofp\libg.a(libc_a-lock.o)
                0x08004d60                __retarget_lock_close_recursive
 .text.__retarget_lock_acquire_recursive
                0x08004d64        0x4 d:/gcc-arm-none-eabi/sysgcc/bin/../lib/gcc/arm-none-eabi/12.3.1/thumb/v7-m/nofp\libg.a(libc_a-lock.o)
                0x08004d64                __retarget_lock_acquire_recursive
 .text.__retarget_lock_release_recursive
                0x08004d68        0x4 d:/gcc-arm-none-eabi/sysgcc/bin/../lib/gcc/arm-none-eabi/12.3.1/thumb/v7-m/nofp\libg.a(libc_a-lock.o)
                0x08004d68                __retarget_lock_release_recursive
 .text.startup.register_fini
                0x08004d6c       0x14 d:/gcc-arm-none-eabi/sysgcc/bin/../lib/gcc/arm-none-eabi/12.3.1/thumb/v7-m/nofp\libg.a(libc_a-__call_atexit.o)
 .text.atexit   0x08004d80        0xc d:/gcc-arm-none-eabi/sysgcc/bin/../lib/gcc/arm-none-eabi/12.3.1/thumb/v7-m/nofp\libg.a(libc_a-atexit.o)
                0x08004d80                atexit
 .text._malloc_trim_r
                0x08004d8c       0xb8 d:/gcc-arm-none-eabi/sysgcc/bin/../lib/gcc/arm-none-eabi/12.3.1/thumb/v7-m/nofp\libg.a(libc_a-freer.o)
                0x08004d8c                _malloc_trim_r
 .text._free_r  0x08004e44      0x1fc d:/gcc-arm-none-eabi/sysgcc/bin/../lib/gcc/arm-none-eabi/12.3.1/thumb/v7-m/nofp\libg.a(libc_a-freer.o)
                0x08004e44                _free_r
 .text._malloc_r
                0x08005040      0x570 d:/gcc-arm-none-eabi/sysgcc/bin/../lib/gcc/arm-none-eabi/12.3.1/thumb/v7-m/nofp\libg.a(libc_a-mallocr.o)
                0x08005040                _malloc_r
 .text.__malloc_lock
                0x080055b0        0xc d:/gcc-arm-none-eabi/sysgcc/bin/../lib/gcc/arm-none-eabi/12.3.1/thumb/v7-m/nofp\libg.a(libc_a-mlock.o)
                0x080055b0                __malloc_lock
 .text.__malloc_unlock
                0x080055bc        0xc d:/gcc-arm-none-eabi/sysgcc/bin/../lib/gcc/arm-none-eabi/12.3.1/thumb/v7-m/nofp\libg.a(libc_a-mlock.o)
                0x080055bc                __malloc_unlock
 .text._svfprintf_r
                0x080055c8     0x1bb8 d:/gcc-arm-none-eabi/sysgcc/bin/../lib/gcc/arm-none-eabi/12.3.1/thumb/v7-m/nofp\libg.a(libc_a-svfprintf.o)
                0x080055c8                _svfprintf_r
 .text._fclose_r
                0x08007180       0xc0 d:/gcc-arm-none-eabi/sysgcc/bin/../lib/gcc/arm-none-eabi/12.3.1/thumb/v7-m/nofp\libg.a(libc_a-fclose.o)
                0x08007180                _fclose_r
 .text.__sflush_r
                0x08007240      0x128 d:/gcc-arm-none-eabi/sysgcc/bin/../lib/gcc/arm-none-eabi/12.3.1/thumb/v7-m/nofp\libg.a(libc_a-fflush.o)
                0x08007240                __sflush_r
 .text._fflush_r
                0x08007368       0x54 d:/gcc-arm-none-eabi/sysgcc/bin/../lib/gcc/arm-none-eabi/12.3.1/thumb/v7-m/nofp\libg.a(libc_a-fflush.o)
                0x08007368                _fflush_r
 .text.strncpy  0x080073bc       0x6c d:/gcc-arm-none-eabi/sysgcc/bin/../lib/gcc/arm-none-eabi/12.3.1/thumb/v7-m/nofp\libg.a(libc_a-strncpy.o)
                0x080073bc                strncpy
 .text.__locale_mb_cur_max
                0x08007428        0xc d:/gcc-arm-none-eabi/sysgcc/bin/../lib/gcc/arm-none-eabi/12.3.1/thumb/v7-m/nofp\libg.a(libc_a-locale.o)
                0x08007428                __locale_mb_cur_max
 .text._localeconv_r
                0x08007434        0x8 d:/gcc-arm-none-eabi/sysgcc/bin/../lib/gcc/arm-none-eabi/12.3.1/thumb/v7-m/nofp\libg.a(libc_a-localeconv.o)
                0x08007434                _localeconv_r
 .text._sbrk_r  0x0800743c       0x24 d:/gcc-arm-none-eabi/sysgcc/bin/../lib/gcc/arm-none-eabi/12.3.1/thumb/v7-m/nofp\libg.a(libc_a-sbrkr.o)
                0x0800743c                _sbrk_r
 .text.__libc_fini_array
                0x08007460       0x28 d:/gcc-arm-none-eabi/sysgcc/bin/../lib/gcc/arm-none-eabi/12.3.1/thumb/v7-m/nofp\libg.a(libc_a-fini.o)
                0x08007460                __libc_fini_array
 .text.sysconf  0x08007488       0x1c d:/gcc-arm-none-eabi/sysgcc/bin/../lib/gcc/arm-none-eabi/12.3.1/thumb/v7-m/nofp\libg.a(libc_a-sysconf.o)
                0x08007488                sysconf
 .text.memchr   0x080074a4       0x98 d:/gcc-arm-none-eabi/sysgcc/bin/../lib/gcc/arm-none-eabi/12.3.1/thumb/v7-m/nofp\libg.a(libc_a-memchr-stub.o)
                0x080074a4                memchr
 .text.strlen   0x0800753c       0x5c d:/gcc-arm-none-eabi/sysgcc/bin/../lib/gcc/arm-none-eabi/12.3.1/thumb/v7-m/nofp\libg.a(libc_a-strlen-stub.o)
                0x0800753c                strlen
 .text.frexp    0x08007598       0x70 d:/gcc-arm-none-eabi/sysgcc/bin/../lib/gcc/arm-none-eabi/12.3.1/thumb/v7-m/nofp\libg.a(libm_a-s_frexp.o)
                0x08007598                frexp
 .text.__register_exitproc
                0x08007608       0x80 d:/gcc-arm-none-eabi/sysgcc/bin/../lib/gcc/arm-none-eabi/12.3.1/thumb/v7-m/nofp\libg.a(libc_a-__atexit.o)
                0x08007608                __register_exitproc
 .text.quorem   0x08007688      0x13c d:/gcc-arm-none-eabi/sysgcc/bin/../lib/gcc/arm-none-eabi/12.3.1/thumb/v7-m/nofp\libg.a(libc_a-dtoa.o)
 *fill*         0x080077c4        0x4 
 .text._dtoa_r  0x080077c8      0xe54 d:/gcc-arm-none-eabi/sysgcc/bin/../lib/gcc/arm-none-eabi/12.3.1/thumb/v7-m/nofp\libg.a(libc_a-dtoa.o)
                0x080077c8                _dtoa_r
 .text.__ascii_mbtowc
                0x0800861c       0x2c d:/gcc-arm-none-eabi/sysgcc/bin/../lib/gcc/arm-none-eabi/12.3.1/thumb/v7-m/nofp\libg.a(libc_a-mbtowc_r.o)
                0x0800861c                __ascii_mbtowc
 .text._Balloc  0x08008648       0x4c d:/gcc-arm-none-eabi/sysgcc/bin/../lib/gcc/arm-none-eabi/12.3.1/thumb/v7-m/nofp\libg.a(libc_a-mprec.o)
                0x08008648                _Balloc
 .text._Bfree   0x08008694       0x14 d:/gcc-arm-none-eabi/sysgcc/bin/../lib/gcc/arm-none-eabi/12.3.1/thumb/v7-m/nofp\libg.a(libc_a-mprec.o)
                0x08008694                _Bfree
 .text.__multadd
                0x080086a8       0xa4 d:/gcc-arm-none-eabi/sysgcc/bin/../lib/gcc/arm-none-eabi/12.3.1/thumb/v7-m/nofp\libg.a(libc_a-mprec.o)
                0x080086a8                __multadd
 .text.__hi0bits
                0x0800874c       0x44 d:/gcc-arm-none-eabi/sysgcc/bin/../lib/gcc/arm-none-eabi/12.3.1/thumb/v7-m/nofp\libg.a(libc_a-mprec.o)
                0x0800874c                __hi0bits
 .text.__lo0bits
                0x08008790       0x5c d:/gcc-arm-none-eabi/sysgcc/bin/../lib/gcc/arm-none-eabi/12.3.1/thumb/v7-m/nofp\libg.a(libc_a-mprec.o)
                0x08008790                __lo0bits
 .text.__i2b    0x080087ec       0x5c d:/gcc-arm-none-eabi/sysgcc/bin/../lib/gcc/arm-none-eabi/12.3.1/thumb/v7-m/nofp\libg.a(libc_a-mprec.o)
                0x080087ec                __i2b
 .text.__multiply
                0x08008848      0x164 d:/gcc-arm-none-eabi/sysgcc/bin/../lib/gcc/arm-none-eabi/12.3.1/thumb/v7-m/nofp\libg.a(libc_a-mprec.o)
                0x08008848                __multiply
 .text.__pow5mult
                0x080089ac       0xb4 d:/gcc-arm-none-eabi/sysgcc/bin/../lib/gcc/arm-none-eabi/12.3.1/thumb/v7-m/nofp\libg.a(libc_a-mprec.o)
                0x080089ac                __pow5mult
 .text.__lshift
                0x08008a60       0xec d:/gcc-arm-none-eabi/sysgcc/bin/../lib/gcc/arm-none-eabi/12.3.1/thumb/v7-m/nofp\libg.a(libc_a-mprec.o)
                0x08008a60                __lshift
 .text.__mcmp   0x08008b4c       0x40 d:/gcc-arm-none-eabi/sysgcc/bin/../lib/gcc/arm-none-eabi/12.3.1/thumb/v7-m/nofp\libg.a(libc_a-mprec.o)
                0x08008b4c                __mcmp
 .text.__mdiff  0x08008b8c      0x160 d:/gcc-arm-none-eabi/sysgcc/bin/../lib/gcc/arm-none-eabi/12.3.1/thumb/v7-m/nofp\libg.a(libc_a-mprec.o)
                0x08008b8c                __mdiff
 .text.__d2b    0x08008cec       0xbc d:/gcc-arm-none-eabi/sysgcc/bin/../lib/gcc/arm-none-eabi/12.3.1/thumb/v7-m/nofp\libg.a(libc_a-mprec.o)
                0x08008cec                __d2b
 .text.__ascii_wctomb
                0x08008da8       0x1c d:/gcc-arm-none-eabi/sysgcc/bin/../lib/gcc/arm-none-eabi/12.3.1/thumb/v7-m/nofp\libg.a(libc_a-wctomb_r.o)
                0x08008da8                __ascii_wctomb
 .text._wcrtomb_r
                0x08008dc4       0x4c d:/gcc-arm-none-eabi/sysgcc/bin/../lib/gcc/arm-none-eabi/12.3.1/thumb/v7-m/nofp\libg.a(libc_a-wcrtomb.o)
                0x08008dc4                _wcrtomb_r
 .text._wcsrtombs_r
                0x08008e10       0x18 d:/gcc-arm-none-eabi/sysgcc/bin/../lib/gcc/arm-none-eabi/12.3.1/thumb/v7-m/nofp\libg.a(libc_a-wcsrtombs.o)
                0x08008e10                _wcsrtombs_r
 .text.__ssprint_r
                0x08008e28      0x110 d:/gcc-arm-none-eabi/sysgcc/bin/../lib/gcc/arm-none-eabi/12.3.1/thumb/v7-m/nofp\libg.a(libc_a-svfiprintf.o)
                0x08008e28                __ssprint_r
 .text.memmove  0x08008f38       0xfc d:/gcc-arm-none-eabi/sysgcc/bin/../lib/gcc/arm-none-eabi/12.3.1/thumb/v7-m/nofp\libg.a(libc_a-memmove.o)
                0x08008f38                memmove
 .text.__assert_func
                0x08009034       0x40 d:/gcc-arm-none-eabi/sysgcc/bin/../lib/gcc/arm-none-eabi/12.3.1/thumb/v7-m/nofp\libg.a(libc_a-assert.o)
                0x08009034                __assert_func
 .text._calloc_r
                0x08009074       0x6c d:/gcc-arm-none-eabi/sysgcc/bin/../lib/gcc/arm-none-eabi/12.3.1/thumb/v7-m/nofp\libg.a(libc_a-callocr.o)
                0x08009074                _calloc_r
 .text._realloc_r
                0x080090e0      0x34c d:/gcc-arm-none-eabi/sysgcc/bin/../lib/gcc/arm-none-eabi/12.3.1/thumb/v7-m/nofp\libg.a(libc_a-reallocr.o)
                0x080090e0                _realloc_r
 .text._wcsnrtombs_l
                0x0800942c       0xec d:/gcc-arm-none-eabi/sysgcc/bin/../lib/gcc/arm-none-eabi/12.3.1/thumb/v7-m/nofp\libg.a(libc_a-wcsnrtombs.o)
                0x0800942c                _wcsnrtombs_l
 .text._wcsnrtombs_r
                0x08009518       0x24 d:/gcc-arm-none-eabi/sysgcc/bin/../lib/gcc/arm-none-eabi/12.3.1/thumb/v7-m/nofp\libg.a(libc_a-wcsnrtombs.o)
                0x08009518                _wcsnrtombs_r
 .text.fiprintf
                0x0800953c       0x28 d:/gcc-arm-none-eabi/sysgcc/bin/../lib/gcc/arm-none-eabi/12.3.1/thumb/v7-m/nofp\libg.a(libc_a-fiprintf.o)
                0x0800953c                fiprintf
 .text.__sprint_r.part.0
                0x08009564       0x78 d:/gcc-arm-none-eabi/sysgcc/bin/../lib/gcc/arm-none-eabi/12.3.1/thumb/v7-m/nofp\libg.a(libc_a-vfiprintf.o)
 .text._vfiprintf_r
                0x080095dc      0xf9c d:/gcc-arm-none-eabi/sysgcc/bin/../lib/gcc/arm-none-eabi/12.3.1/thumb/v7-m/nofp\libg.a(libc_a-vfiprintf.o)
                0x080095dc                _vfiprintf_r
 .text.__sbprintf
                0x0800a578       0x80 d:/gcc-arm-none-eabi/sysgcc/bin/../lib/gcc/arm-none-eabi/12.3.1/thumb/v7-m/nofp\libg.a(libc_a-vfiprintf.o)
 .text.__sfvwrite_r
                0x0800a5f8      0x2ec d:/gcc-arm-none-eabi/sysgcc/bin/../lib/gcc/arm-none-eabi/12.3.1/thumb/v7-m/nofp\libg.a(libc_a-fvwrite.o)
                0x0800a5f8                __sfvwrite_r
 .text.__swsetup_r
                0x0800a8e4       0xc0 d:/gcc-arm-none-eabi/sysgcc/bin/../lib/gcc/arm-none-eabi/12.3.1/thumb/v7-m/nofp\libg.a(libc_a-wsetup.o)
                0x0800a8e4                __swsetup_r
 .text.__fputwc
                0x0800a9a4       0x7c d:/gcc-arm-none-eabi/sysgcc/bin/../lib/gcc/arm-none-eabi/12.3.1/thumb/v7-m/nofp\libg.a(libc_a-fputwc.o)
                0x0800a9a4                __fputwc
 .text._fputwc_r
                0x0800aa20       0x60 d:/gcc-arm-none-eabi/sysgcc/bin/../lib/gcc/arm-none-eabi/12.3.1/thumb/v7-m/nofp\libg.a(libc_a-fputwc.o)
                0x0800aa20                _fputwc_r
 .text.abort    0x0800aa80       0x10 d:/gcc-arm-none-eabi/sysgcc/bin/../lib/gcc/arm-none-eabi/12.3.1/thumb/v7-m/nofp\libg.a(libc_a-abort.o)
                0x0800aa80                abort
 .text.__smakebuf_r
                0x0800aa90       0xdc d:/gcc-arm-none-eabi/sysgcc/bin/../lib/gcc/arm-none-eabi/12.3.1/thumb/v7-m/nofp\libg.a(libc_a-makebuf.o)
                0x0800aa90                __smakebuf_r
 .text.__swbuf_r
                0x0800ab6c       0xac d:/gcc-arm-none-eabi/sysgcc/bin/../lib/gcc/arm-none-eabi/12.3.1/thumb/v7-m/nofp\libg.a(libc_a-wbuf.o)
                0x0800ab6c                __swbuf_r
 .text.raise    0x0800ac18       0x58 d:/gcc-arm-none-eabi/sysgcc/bin/../lib/gcc/arm-none-eabi/12.3.1/thumb/v7-m/nofp\libg.a(libc_a-signal.o)
                0x0800ac18                raise
 .text._fstat_r
                0x0800ac70       0x28 d:/gcc-arm-none-eabi/sysgcc/bin/../lib/gcc/arm-none-eabi/12.3.1/thumb/v7-m/nofp\libg.a(libc_a-fstatr.o)
                0x0800ac70                _fstat_r
 .text._isatty_r
                0x0800ac98       0x24 d:/gcc-arm-none-eabi/sysgcc/bin/../lib/gcc/arm-none-eabi/12.3.1/thumb/v7-m/nofp\libg.a(libc_a-isattyr.o)
                0x0800ac98                _isatty_r
 .text._kill_r  0x0800acbc       0x28 d:/gcc-arm-none-eabi/sysgcc/bin/../lib/gcc/arm-none-eabi/12.3.1/thumb/v7-m/nofp\libg.a(libc_a-signalr.o)
                0x0800acbc                _kill_r
 .text._getpid_r
                0x0800ace4        0x4 d:/gcc-arm-none-eabi/sysgcc/bin/../lib/gcc/arm-none-eabi/12.3.1/thumb/v7-m/nofp\libg.a(libc_a-signalr.o)
                0x0800ace4                _getpid_r
 *(.glue_7)
 .glue_7        0x0800ace8        0x0 linker stubs
 *(.glue_7t)
 .glue_7t       0x0800ace8        0x0 linker stubs
 *(.eh_frame)
 .eh_frame      0x0800ace8        0x0 d:/gcc-arm-none-eabi/sysgcc/bin/../lib/gcc/arm-none-eabi/12.3.1/thumb/v7-m/nofp/crtbegin.o
 *(.init)
 .init          0x0800ace8        0x4 d:/gcc-arm-none-eabi/sysgcc/bin/../lib/gcc/arm-none-eabi/12.3.1/thumb/v7-m/nofp/crti.o
                0x0800ace8                _init
 .init          0x0800acec        0x8 d:/gcc-arm-none-eabi/sysgcc/bin/../lib/gcc/arm-none-eabi/12.3.1/thumb/v7-m/nofp/crtn.o
 *(.fini)
 .fini          0x0800acf4        0x4 d:/gcc-arm-none-eabi/sysgcc/bin/../lib/gcc/arm-none-eabi/12.3.1/thumb/v7-m/nofp/crti.o
                0x0800acf4                _fini
 .fini          0x0800acf8        0x8 d:/gcc-arm-none-eabi/sysgcc/bin/../lib/gcc/arm-none-eabi/12.3.1/thumb/v7-m/nofp/crtn.o
                0x0800ad00                        . = ALIGN (0x4)
                0x0800ad00                        _etext = .

.vfp11_veneer   0x0800ad00        0x0
 .vfp11_veneer  0x0800ad00        0x0 linker stubs

.v4_bx          0x0800ad00        0x0
 .v4_bx         0x0800ad00        0x0 linker stubs

.iplt           0x0800ad00        0x0
 .iplt          0x0800ad00        0x0 d:/gcc-arm-none-eabi/sysgcc/bin/../lib/gcc/arm-none-eabi/12.3.1/thumb/v7-m/nofp/crtbegin.o

.rodata         0x0800ad00      0x444
                0x0800ad00                        . = ALIGN (0x4)
 *(.rodata)
 *(.rodata*)
 .rodata.main.str1.4
                0x0800ad00       0x19 CMakeFiles/Power.elf.dir/Core/Src/main.c.obj
 *fill*         0x0800ad19        0x3 
 .rodata.APBPrescTable
                0x0800ad1c        0x8 CMakeFiles/Power.elf.dir/Core/Src/system_stm32f1xx.c.obj
                0x0800ad1c                APBPrescTable
 .rodata.AHBPrescTable
                0x0800ad24       0x10 CMakeFiles/Power.elf.dir/Core/Src/system_stm32f1xx.c.obj
                0x0800ad24                AHBPrescTable
 .rodata.aPredivFactorTable.0
                0x0800ad34        0x2 CMakeFiles/Power.elf.dir/Drivers/STM32F1xx_HAL_Driver/Src/stm32f1xx_hal_rcc.c.obj
 *fill*         0x0800ad36        0x2 
 .rodata.aPLLMULFactorTable.1
                0x0800ad38       0x10 CMakeFiles/Power.elf.dir/Drivers/STM32F1xx_HAL_Driver/Src/stm32f1xx_hal_rcc.c.obj
 .rodata.aPredivFactorTable.0
                0x0800ad48        0x2 CMakeFiles/Power.elf.dir/Drivers/STM32F1xx_HAL_Driver/Src/stm32f1xx_hal_rcc_ex.c.obj
 *fill*         0x0800ad4a        0x2 
 .rodata.aPLLMULFactorTable.1
                0x0800ad4c       0x10 CMakeFiles/Power.elf.dir/Drivers/STM32F1xx_HAL_Driver/Src/stm32f1xx_hal_rcc_ex.c.obj
 .rodata._svfprintf_r.str1.4
                0x0800ad5c       0x42 d:/gcc-arm-none-eabi/sysgcc/bin/../lib/gcc/arm-none-eabi/12.3.1/thumb/v7-m/nofp\libg.a(libc_a-svfprintf.o)
 *fill*         0x0800ad9e        0x2 
 .rodata.zeroes.0
                0x0800ada0       0x10 d:/gcc-arm-none-eabi/sysgcc/bin/../lib/gcc/arm-none-eabi/12.3.1/thumb/v7-m/nofp\libg.a(libc_a-svfprintf.o)
 .rodata.blanks.1
                0x0800adb0       0x10 d:/gcc-arm-none-eabi/sysgcc/bin/../lib/gcc/arm-none-eabi/12.3.1/thumb/v7-m/nofp\libg.a(libc_a-svfprintf.o)
 .rodata.str1.4
                0x0800adc0       0x48 d:/gcc-arm-none-eabi/sysgcc/bin/../lib/gcc/arm-none-eabi/12.3.1/thumb/v7-m/nofp\libg.a(libc_a-locale.o)
                                 0x4c (size before relaxing)
 .rodata._dtoa_r.str1.4
                0x0800ae08       0x7d d:/gcc-arm-none-eabi/sysgcc/bin/../lib/gcc/arm-none-eabi/12.3.1/thumb/v7-m/nofp\libg.a(libc_a-dtoa.o)
                                 0x81 (size before relaxing)
 *fill*         0x0800ae85        0x3 
 .rodata.__multadd.str1.4
                0x0800ae88       0x5a d:/gcc-arm-none-eabi/sysgcc/bin/../lib/gcc/arm-none-eabi/12.3.1/thumb/v7-m/nofp\libg.a(libc_a-mprec.o)
                                 0x6e (size before relaxing)
 *fill*         0x0800aee2        0x2 
 .rodata.p05.0  0x0800aee4        0xc d:/gcc-arm-none-eabi/sysgcc/bin/../lib/gcc/arm-none-eabi/12.3.1/thumb/v7-m/nofp\libg.a(libc_a-mprec.o)
 .rodata.__mprec_bigtens
                0x0800aef0       0x28 d:/gcc-arm-none-eabi/sysgcc/bin/../lib/gcc/arm-none-eabi/12.3.1/thumb/v7-m/nofp\libg.a(libc_a-mprec.o)
                0x0800aef0                __mprec_bigtens
 .rodata.__mprec_tens
                0x0800af18       0xc8 d:/gcc-arm-none-eabi/sysgcc/bin/../lib/gcc/arm-none-eabi/12.3.1/thumb/v7-m/nofp\libg.a(libc_a-mprec.o)
                0x0800af18                __mprec_tens
 .rodata._ctype_
                0x0800afe0      0x101 d:/gcc-arm-none-eabi/sysgcc/bin/../lib/gcc/arm-none-eabi/12.3.1/thumb/v7-m/nofp\libg.a(libc_a-ctype_.o)
                0x0800afe0                _ctype_
 *fill*         0x0800b0e1        0x3 
 .rodata.__assert_func.str1.4
                0x0800b0e4       0x3f d:/gcc-arm-none-eabi/sysgcc/bin/../lib/gcc/arm-none-eabi/12.3.1/thumb/v7-m/nofp\libg.a(libc_a-assert.o)
                                 0x43 (size before relaxing)
 .rodata._vfiprintf_r.str1.4
                0x0800b123       0x2f d:/gcc-arm-none-eabi/sysgcc/bin/../lib/gcc/arm-none-eabi/12.3.1/thumb/v7-m/nofp\libg.a(libc_a-vfiprintf.o)
 *fill*         0x0800b123        0x1 
 .rodata.zeroes.0
                0x0800b124       0x10 d:/gcc-arm-none-eabi/sysgcc/bin/../lib/gcc/arm-none-eabi/12.3.1/thumb/v7-m/nofp\libg.a(libc_a-vfiprintf.o)
 .rodata.blanks.1
                0x0800b134       0x10 d:/gcc-arm-none-eabi/sysgcc/bin/../lib/gcc/arm-none-eabi/12.3.1/thumb/v7-m/nofp\libg.a(libc_a-vfiprintf.o)
                0x0800b144                        . = ALIGN (0x4)

.ARM.extab      0x0800b144        0x0
                0x0800b144                        . = ALIGN (0x4)
 *(.ARM.extab* .gnu.linkonce.armextab.*)
                0x0800b144                        . = ALIGN (0x4)

.ARM            0x0800b144        0x8
                0x0800b144                        . = ALIGN (0x4)
                0x0800b144                        __exidx_start = .
 *(.ARM.exidx*)
 .ARM.exidx     0x0800b144        0x8 d:/gcc-arm-none-eabi/sysgcc/bin/../lib/gcc/arm-none-eabi/12.3.1/thumb/v7-m/nofp\libg.a(libc_a-memcpy.o)
                0x0800b14c                        __exidx_end = .
                0x0800b14c                        . = ALIGN (0x4)

.preinit_array  0x0800b14c        0x0
                0x0800b14c                        . = ALIGN (0x4)
                0x0800b14c                        PROVIDE (__preinit_array_start = .)
 *(.preinit_array*)
                0x0800b14c                        PROVIDE (__preinit_array_end = .)
                0x0800b14c                        . = ALIGN (0x4)

.init_array     0x0800b14c        0x8
                0x0800b14c                        . = ALIGN (0x4)
                0x0800b14c                        PROVIDE (__init_array_start = .)
 *(SORT_BY_NAME(.init_array.*))
 .init_array.00000
                0x0800b14c        0x4 d:/gcc-arm-none-eabi/sysgcc/bin/../lib/gcc/arm-none-eabi/12.3.1/thumb/v7-m/nofp\libg.a(libc_a-__call_atexit.o)
 *(.init_array*)
 .init_array    0x0800b150        0x4 d:/gcc-arm-none-eabi/sysgcc/bin/../lib/gcc/arm-none-eabi/12.3.1/thumb/v7-m/nofp/crtbegin.o
                0x0800b154                        PROVIDE (__init_array_end = .)
                0x0800b154                        . = ALIGN (0x4)

.fini_array     0x0800b154        0x4
                0x0800b154                        . = ALIGN (0x4)
                0x0800b154                        PROVIDE (__fini_array_start = .)
 *(SORT_BY_NAME(.fini_array.*))
 *(.fini_array*)
 .fini_array    0x0800b154        0x4 d:/gcc-arm-none-eabi/sysgcc/bin/../lib/gcc/arm-none-eabi/12.3.1/thumb/v7-m/nofp/crtbegin.o
                0x0800b158                        PROVIDE (__fini_array_end = .)
                0x0800b158                        . = ALIGN (0x4)
                0x0800b158                        _sidata = LOADADDR (.data)

.rel.dyn        0x0800b158        0x0
 .rel.iplt      0x0800b158        0x0 d:/gcc-arm-none-eabi/sysgcc/bin/../lib/gcc/arm-none-eabi/12.3.1/thumb/v7-m/nofp/crtbegin.o

.data           0x20000000      0x6c4 load address 0x0800b158
                0x20000000                        . = ALIGN (0x4)
                0x20000000                        _sdata = .
 *(.data)
 *(.data*)
 .data.SystemCoreClock
                0x20000000        0x4 CMakeFiles/Power.elf.dir/Core/Src/system_stm32f1xx.c.obj
                0x20000000                SystemCoreClock
 .data.uwTickFreq
                0x20000004        0x1 CMakeFiles/Power.elf.dir/Drivers/STM32F1xx_HAL_Driver/Src/stm32f1xx_hal.c.obj
                0x20000004                uwTickFreq
 *fill*         0x20000005        0x3 
 .data.uwTickPrio
                0x20000008        0x4 CMakeFiles/Power.elf.dir/Drivers/STM32F1xx_HAL_Driver/Src/stm32f1xx_hal.c.obj
                0x20000008                uwTickPrio
 .data.__sglue  0x2000000c        0xc d:/gcc-arm-none-eabi/sysgcc/bin/../lib/gcc/arm-none-eabi/12.3.1/thumb/v7-m/nofp\libg.a(libc_a-findfp.o)
                0x2000000c                __sglue
 .data._impure_ptr
                0x20000018        0x4 d:/gcc-arm-none-eabi/sysgcc/bin/../lib/gcc/arm-none-eabi/12.3.1/thumb/v7-m/nofp\libg.a(libc_a-impure.o)
                0x20000018                _impure_ptr
 *fill*         0x2000001c        0x4 
 .data._impure_data
                0x20000020      0x120 d:/gcc-arm-none-eabi/sysgcc/bin/../lib/gcc/arm-none-eabi/12.3.1/thumb/v7-m/nofp\libg.a(libc_a-impure.o)
                0x20000020                _impure_data
 .data.__atexit_recursive_mutex
                0x20000140        0x4 d:/gcc-arm-none-eabi/sysgcc/bin/../lib/gcc/arm-none-eabi/12.3.1/thumb/v7-m/nofp\libg.a(libc_a-__call_atexit.o)
                0x20000140                __atexit_recursive_mutex
 .data.__malloc_sbrk_base
                0x20000144        0x4 d:/gcc-arm-none-eabi/sysgcc/bin/../lib/gcc/arm-none-eabi/12.3.1/thumb/v7-m/nofp\libg.a(libc_a-mallocr.o)
                0x20000144                __malloc_sbrk_base
 .data.__malloc_trim_threshold
                0x20000148        0x4 d:/gcc-arm-none-eabi/sysgcc/bin/../lib/gcc/arm-none-eabi/12.3.1/thumb/v7-m/nofp\libg.a(libc_a-mallocr.o)
                0x20000148                __malloc_trim_threshold
 *fill*         0x2000014c        0x4 
 .data.__malloc_av_
                0x20000150      0x408 d:/gcc-arm-none-eabi/sysgcc/bin/../lib/gcc/arm-none-eabi/12.3.1/thumb/v7-m/nofp\libg.a(libc_a-mallocr.o)
                0x20000150                __malloc_av_
 .data.__global_locale
                0x20000558      0x16c d:/gcc-arm-none-eabi/sysgcc/bin/../lib/gcc/arm-none-eabi/12.3.1/thumb/v7-m/nofp\libg.a(libc_a-locale.o)
                0x20000558                __global_locale
 *(.RamFunc)
 *(.RamFunc*)
                0x200006c4                        . = ALIGN (0x4)
                0x200006c4                        _edata = .

.tm_clone_table
                0x200006c4        0x0 load address 0x0800b81c
 .tm_clone_table
                0x200006c4        0x0 d:/gcc-arm-none-eabi/sysgcc/bin/../lib/gcc/arm-none-eabi/12.3.1/thumb/v7-m/nofp/crtbegin.o
 .tm_clone_table
                0x200006c4        0x0 d:/gcc-arm-none-eabi/sysgcc/bin/../lib/gcc/arm-none-eabi/12.3.1/thumb/v7-m/nofp/crtend.o

.igot.plt       0x200006c4        0x0 load address 0x0800b81c
 .igot.plt      0x200006c4        0x0 d:/gcc-arm-none-eabi/sysgcc/bin/../lib/gcc/arm-none-eabi/12.3.1/thumb/v7-m/nofp/crtbegin.o
                0x200006c4                        . = ALIGN (0x4)

.bss            0x200006c4      0x708 load address 0x0800b81c
                0x200006c4                        _sbss = .
                0x200006c4                        __bss_start__ = _sbss
 *(.bss)
 *(.bss*)
 .bss.completed.1
                0x200006c4        0x1 d:/gcc-arm-none-eabi/sysgcc/bin/../lib/gcc/arm-none-eabi/12.3.1/thumb/v7-m/nofp/crtbegin.o
 *fill*         0x200006c5        0x3 
 .bss.object.0  0x200006c8       0x18 d:/gcc-arm-none-eabi/sysgcc/bin/../lib/gcc/arm-none-eabi/12.3.1/thumb/v7-m/nofp/crtbegin.o
 .bss.hadc1     0x200006e0       0x30 CMakeFiles/Power.elf.dir/Core/Src/adc.c.obj
                0x200006e0                hadc1
 .bss.hcan      0x20000710       0x28 CMakeFiles/Power.elf.dir/Core/Src/can.c.obj
                0x20000710                hcan
 .bss.__sbrk_heap_end
                0x20000738        0x4 CMakeFiles/Power.elf.dir/Core/Src/sysmem.c.obj
 .bss.htim3     0x2000073c       0x48 CMakeFiles/Power.elf.dir/Core/Src/tim.c.obj
                0x2000073c                htim3
 .bss.hdma_usart1_tx
                0x20000784       0x44 CMakeFiles/Power.elf.dir/Core/Src/usart.c.obj
                0x20000784                hdma_usart1_tx
 .bss.hdma_usart1_rx
                0x200007c8       0x44 CMakeFiles/Power.elf.dir/Core/Src/usart.c.obj
                0x200007c8                hdma_usart1_rx
 .bss.huart1    0x2000080c       0x48 CMakeFiles/Power.elf.dir/Core/Src/usart.c.obj
                0x2000080c                huart1
 .bss.uwTick    0x20000854        0x4 CMakeFiles/Power.elf.dir/Drivers/STM32F1xx_HAL_Driver/Src/stm32f1xx_hal.c.obj
                0x20000854                uwTick
 .bss.filter_index
                0x20000858        0x1 CMakeFiles/Power.elf.dir/User/ADC/adcio.c.obj
                0x20000858                filter_index
 *fill*         0x20000859        0x3 
 .bss.adc_filter_buffer
                0x2000085c       0x50 CMakeFiles/Power.elf.dir/User/ADC/adcio.c.obj
                0x2000085c                adc_filter_buffer
 .bss.adc_data  0x200008ac        0x8 CMakeFiles/Power.elf.dir/User/ADC/adcio.c.obj
                0x200008ac                adc_data
 .bss.underVoltageCount
                0x200008b4        0x1 CMakeFiles/Power.elf.dir/User/BUZZER/buzzer.c.obj
                0x200008b4                underVoltageCount
 .bss.overVoltageCount
                0x200008b5        0x1 CMakeFiles/Power.elf.dir/User/BUZZER/buzzer.c.obj
                0x200008b5                overVoltageCount
 *fill*         0x200008b6        0x2 
 .bss.send_buff
                0x200008b8      0x200 CMakeFiles/Power.elf.dir/User/UART/uartio.c.obj
                0x200008b8                send_buff
 .bss.__sf      0x20000ab8      0x138 d:/gcc-arm-none-eabi/sysgcc/bin/../lib/gcc/arm-none-eabi/12.3.1/thumb/v7-m/nofp\libg.a(libc_a-findfp.o)
                0x20000ab8                __sf
 .bss.__stdio_exit_handler
                0x20000bf0        0x4 d:/gcc-arm-none-eabi/sysgcc/bin/../lib/gcc/arm-none-eabi/12.3.1/thumb/v7-m/nofp\libg.a(libc_a-findfp.o)
                0x20000bf0                __stdio_exit_handler
 .bss.errno     0x20000bf4        0x4 d:/gcc-arm-none-eabi/sysgcc/bin/../lib/gcc/arm-none-eabi/12.3.1/thumb/v7-m/nofp\libg.a(libc_a-reent.o)
                0x20000bf4                errno
 .bss.__lock___malloc_recursive_mutex
                0x20000bf8        0x1 d:/gcc-arm-none-eabi/sysgcc/bin/../lib/gcc/arm-none-eabi/12.3.1/thumb/v7-m/nofp\libg.a(libc_a-lock.o)
                0x20000bf8                __lock___malloc_recursive_mutex
 *fill*         0x20000bf9        0x3 
 .bss.__lock___atexit_recursive_mutex
                0x20000bfc        0x1 d:/gcc-arm-none-eabi/sysgcc/bin/../lib/gcc/arm-none-eabi/12.3.1/thumb/v7-m/nofp\libg.a(libc_a-lock.o)
                0x20000bfc                __lock___atexit_recursive_mutex
 *fill*         0x20000bfd        0x3 
 .bss.__lock___sfp_recursive_mutex
                0x20000c00        0x1 d:/gcc-arm-none-eabi/sysgcc/bin/../lib/gcc/arm-none-eabi/12.3.1/thumb/v7-m/nofp\libg.a(libc_a-lock.o)
                0x20000c00                __lock___sfp_recursive_mutex
 *fill*         0x20000c01        0x3 
 .bss.__atexit  0x20000c04        0x4 d:/gcc-arm-none-eabi/sysgcc/bin/../lib/gcc/arm-none-eabi/12.3.1/thumb/v7-m/nofp\libg.a(libc_a-__call_atexit.o)
                0x20000c04                __atexit
 .bss.__malloc_current_mallinfo
                0x20000c08       0x28 d:/gcc-arm-none-eabi/sysgcc/bin/../lib/gcc/arm-none-eabi/12.3.1/thumb/v7-m/nofp\libg.a(libc_a-mallocr.o)
                0x20000c08                __malloc_current_mallinfo
 .bss.__malloc_max_total_mem
                0x20000c30        0x4 d:/gcc-arm-none-eabi/sysgcc/bin/../lib/gcc/arm-none-eabi/12.3.1/thumb/v7-m/nofp\libg.a(libc_a-mallocr.o)
                0x20000c30                __malloc_max_total_mem
 .bss.__malloc_max_sbrked_mem
                0x20000c34        0x4 d:/gcc-arm-none-eabi/sysgcc/bin/../lib/gcc/arm-none-eabi/12.3.1/thumb/v7-m/nofp\libg.a(libc_a-mallocr.o)
                0x20000c34                __malloc_max_sbrked_mem
 .bss.__malloc_top_pad
                0x20000c38        0x4 d:/gcc-arm-none-eabi/sysgcc/bin/../lib/gcc/arm-none-eabi/12.3.1/thumb/v7-m/nofp\libg.a(libc_a-mallocr.o)
                0x20000c38                __malloc_top_pad
 .bss.__atexit0
                0x20000c3c      0x190 d:/gcc-arm-none-eabi/sysgcc/bin/../lib/gcc/arm-none-eabi/12.3.1/thumb/v7-m/nofp\libg.a(libc_a-__atexit.o)
                0x20000c3c                __atexit0
 *(COMMON)
                0x20000dcc                        . = ALIGN (0x4)
                0x20000dcc                        _ebss = .
                0x20000dcc                        __bss_end__ = _ebss

._user_heap_stack
                0x20000dcc      0x604 load address 0x0800b81c
                0x20000dd0                        . = ALIGN (0x8)
 *fill*         0x20000dcc        0x4 
                [!provide]                        PROVIDE (end = .)
                0x20000dd0                        PROVIDE (_end = .)
                0x20000fd0                        . = (. + _Min_Heap_Size)
 *fill*         0x20000dd0      0x200 
                0x200013d0                        . = (. + _Min_Stack_Size)
 *fill*         0x20000fd0      0x400 
                0x200013d0                        . = ALIGN (0x8)

/DISCARD/
 libc.a(*)
 libm.a(*)
 libgcc.a(*)

.ARM.attributes
                0x00000000       0x29
 *(.ARM.attributes)
 .ARM.attributes
                0x00000000       0x1d d:/gcc-arm-none-eabi/sysgcc/bin/../lib/gcc/arm-none-eabi/12.3.1/thumb/v7-m/nofp/crti.o
 .ARM.attributes
                0x0000001d       0x2d d:/gcc-arm-none-eabi/sysgcc/bin/../lib/gcc/arm-none-eabi/12.3.1/thumb/v7-m/nofp/crtbegin.o
 .ARM.attributes
                0x0000004a       0x2d CMakeFiles/Power.elf.dir/Core/Src/adc.c.obj
 .ARM.attributes
                0x00000077       0x2d CMakeFiles/Power.elf.dir/Core/Src/can.c.obj
 .ARM.attributes
                0x000000a4       0x2d CMakeFiles/Power.elf.dir/Core/Src/dma.c.obj
 .ARM.attributes
                0x000000d1       0x2d CMakeFiles/Power.elf.dir/Core/Src/gpio.c.obj
 .ARM.attributes
                0x000000fe       0x2d CMakeFiles/Power.elf.dir/Core/Src/main.c.obj
 .ARM.attributes
                0x0000012b       0x2d CMakeFiles/Power.elf.dir/Core/Src/stm32f1xx_hal_msp.c.obj
 .ARM.attributes
                0x00000158       0x2d CMakeFiles/Power.elf.dir/Core/Src/stm32f1xx_it.c.obj
 .ARM.attributes
                0x00000185       0x2d CMakeFiles/Power.elf.dir/Core/Src/syscalls.c.obj
 .ARM.attributes
                0x000001b2       0x2d CMakeFiles/Power.elf.dir/Core/Src/sysmem.c.obj
 .ARM.attributes
                0x000001df       0x2d CMakeFiles/Power.elf.dir/Core/Src/system_stm32f1xx.c.obj
 .ARM.attributes
                0x0000020c       0x2d CMakeFiles/Power.elf.dir/Core/Src/tim.c.obj
 .ARM.attributes
                0x00000239       0x2d CMakeFiles/Power.elf.dir/Core/Src/usart.c.obj
 .ARM.attributes
                0x00000266       0x21 CMakeFiles/Power.elf.dir/Core/Startup/startup_stm32f103c8tx.s.obj
 .ARM.attributes
                0x00000287       0x2d CMakeFiles/Power.elf.dir/Drivers/STM32F1xx_HAL_Driver/Src/stm32f1xx_hal.c.obj
 .ARM.attributes
                0x000002b4       0x2d CMakeFiles/Power.elf.dir/Drivers/STM32F1xx_HAL_Driver/Src/stm32f1xx_hal_adc.c.obj
 .ARM.attributes
                0x000002e1       0x2d CMakeFiles/Power.elf.dir/Drivers/STM32F1xx_HAL_Driver/Src/stm32f1xx_hal_adc_ex.c.obj
 .ARM.attributes
                0x0000030e       0x2d CMakeFiles/Power.elf.dir/Drivers/STM32F1xx_HAL_Driver/Src/stm32f1xx_hal_can.c.obj
 .ARM.attributes
                0x0000033b       0x2d CMakeFiles/Power.elf.dir/Drivers/STM32F1xx_HAL_Driver/Src/stm32f1xx_hal_cortex.c.obj
 .ARM.attributes
                0x00000368       0x2d CMakeFiles/Power.elf.dir/Drivers/STM32F1xx_HAL_Driver/Src/stm32f1xx_hal_dma.c.obj
 .ARM.attributes
                0x00000395       0x2d CMakeFiles/Power.elf.dir/Drivers/STM32F1xx_HAL_Driver/Src/stm32f1xx_hal_gpio.c.obj
 .ARM.attributes
                0x000003c2       0x2d CMakeFiles/Power.elf.dir/Drivers/STM32F1xx_HAL_Driver/Src/stm32f1xx_hal_rcc.c.obj
 .ARM.attributes
                0x000003ef       0x2d CMakeFiles/Power.elf.dir/Drivers/STM32F1xx_HAL_Driver/Src/stm32f1xx_hal_rcc_ex.c.obj
 .ARM.attributes
                0x0000041c       0x2d CMakeFiles/Power.elf.dir/Drivers/STM32F1xx_HAL_Driver/Src/stm32f1xx_hal_tim.c.obj
 .ARM.attributes
                0x00000449       0x2d CMakeFiles/Power.elf.dir/Drivers/STM32F1xx_HAL_Driver/Src/stm32f1xx_hal_tim_ex.c.obj
 .ARM.attributes
                0x00000476       0x2d CMakeFiles/Power.elf.dir/Drivers/STM32F1xx_HAL_Driver/Src/stm32f1xx_hal_uart.c.obj
 .ARM.attributes
                0x000004a3       0x2d CMakeFiles/Power.elf.dir/User/ADC/adcio.c.obj
 .ARM.attributes
                0x000004d0       0x2d CMakeFiles/Power.elf.dir/User/BUZZER/buzzer.c.obj
 .ARM.attributes
                0x000004fd       0x2d CMakeFiles/Power.elf.dir/User/CAN/canio.c.obj
 .ARM.attributes
                0x0000052a       0x2d CMakeFiles/Power.elf.dir/User/UART/uartio.c.obj
 .ARM.attributes
                0x00000557       0x1d d:/gcc-arm-none-eabi/sysgcc/bin/../lib/gcc/arm-none-eabi/12.3.1/thumb/v7-m/nofp\libgcc.a(_arm_addsubdf3.o)
 .ARM.attributes
                0x00000574       0x1d d:/gcc-arm-none-eabi/sysgcc/bin/../lib/gcc/arm-none-eabi/12.3.1/thumb/v7-m/nofp\libgcc.a(_arm_addsubsf3.o)
 .ARM.attributes
                0x00000591       0x1d d:/gcc-arm-none-eabi/sysgcc/bin/../lib/gcc/arm-none-eabi/12.3.1/thumb/v7-m/nofp\libgcc.a(_arm_muldivsf3.o)
 .ARM.attributes
                0x000005ae       0x1d d:/gcc-arm-none-eabi/sysgcc/bin/../lib/gcc/arm-none-eabi/12.3.1/thumb/v7-m/nofp\libgcc.a(_arm_cmpsf2.o)
 .ARM.attributes
                0x000005cb       0x2d d:/gcc-arm-none-eabi/sysgcc/bin/../lib/gcc/arm-none-eabi/12.3.1/thumb/v7-m/nofp\libg.a(libc_a-findfp.o)
 .ARM.attributes
                0x000005f8       0x2d d:/gcc-arm-none-eabi/sysgcc/bin/../lib/gcc/arm-none-eabi/12.3.1/thumb/v7-m/nofp\libg.a(libc_a-fwalk.o)
 .ARM.attributes
                0x00000625       0x2d d:/gcc-arm-none-eabi/sysgcc/bin/../lib/gcc/arm-none-eabi/12.3.1/thumb/v7-m/nofp\libg.a(libc_a-stdio.o)
 .ARM.attributes
                0x00000652       0x2d d:/gcc-arm-none-eabi/sysgcc/bin/../lib/gcc/arm-none-eabi/12.3.1/thumb/v7-m/nofp\libg.a(libc_a-vsnprintf.o)
 .ARM.attributes
                0x0000067f       0x2d d:/gcc-arm-none-eabi/sysgcc/bin/../lib/gcc/arm-none-eabi/12.3.1/thumb/v7-m/nofp\libg.a(libc_a-memset.o)
 .ARM.attributes
                0x000006ac       0x2d d:/gcc-arm-none-eabi/sysgcc/bin/../lib/gcc/arm-none-eabi/12.3.1/thumb/v7-m/nofp\libg.a(libc_a-closer.o)
 .ARM.attributes
                0x000006d9       0x2d d:/gcc-arm-none-eabi/sysgcc/bin/../lib/gcc/arm-none-eabi/12.3.1/thumb/v7-m/nofp\libg.a(libc_a-reent.o)
 .ARM.attributes
                0x00000706       0x2d d:/gcc-arm-none-eabi/sysgcc/bin/../lib/gcc/arm-none-eabi/12.3.1/thumb/v7-m/nofp\libg.a(libc_a-impure.o)
 .ARM.attributes
                0x00000733       0x2d d:/gcc-arm-none-eabi/sysgcc/bin/../lib/gcc/arm-none-eabi/12.3.1/thumb/v7-m/nofp\libg.a(libc_a-lseekr.o)
 .ARM.attributes
                0x00000760       0x2d d:/gcc-arm-none-eabi/sysgcc/bin/../lib/gcc/arm-none-eabi/12.3.1/thumb/v7-m/nofp\libg.a(libc_a-readr.o)
 .ARM.attributes
                0x0000078d       0x2d d:/gcc-arm-none-eabi/sysgcc/bin/../lib/gcc/arm-none-eabi/12.3.1/thumb/v7-m/nofp\libg.a(libc_a-writer.o)
 .ARM.attributes
                0x000007ba       0x2d d:/gcc-arm-none-eabi/sysgcc/bin/../lib/gcc/arm-none-eabi/12.3.1/thumb/v7-m/nofp\libg.a(libc_a-errno.o)
 .ARM.attributes
                0x000007e7       0x2d d:/gcc-arm-none-eabi/sysgcc/bin/../lib/gcc/arm-none-eabi/12.3.1/thumb/v7-m/nofp\libg.a(libc_a-init.o)
 .ARM.attributes
                0x00000814       0x2d d:/gcc-arm-none-eabi/sysgcc/bin/../lib/gcc/arm-none-eabi/12.3.1/thumb/v7-m/nofp\libg.a(libc_a-lock.o)
 .ARM.attributes
                0x00000841       0x2d d:/gcc-arm-none-eabi/sysgcc/bin/../lib/gcc/arm-none-eabi/12.3.1/thumb/v7-m/nofp\libg.a(libc_a-__call_atexit.o)
 .ARM.attributes
                0x0000086e       0x2d d:/gcc-arm-none-eabi/sysgcc/bin/../lib/gcc/arm-none-eabi/12.3.1/thumb/v7-m/nofp\libg.a(libc_a-atexit.o)
 .ARM.attributes
                0x0000089b       0x2d d:/gcc-arm-none-eabi/sysgcc/bin/../lib/gcc/arm-none-eabi/12.3.1/thumb/v7-m/nofp\libg.a(libc_a-freer.o)
 .ARM.attributes
                0x000008c8       0x2d d:/gcc-arm-none-eabi/sysgcc/bin/../lib/gcc/arm-none-eabi/12.3.1/thumb/v7-m/nofp\libg.a(libc_a-mallocr.o)
 .ARM.attributes
                0x000008f5       0x2d d:/gcc-arm-none-eabi/sysgcc/bin/../lib/gcc/arm-none-eabi/12.3.1/thumb/v7-m/nofp\libg.a(libc_a-mlock.o)
 .ARM.attributes
                0x00000922       0x2d d:/gcc-arm-none-eabi/sysgcc/bin/../lib/gcc/arm-none-eabi/12.3.1/thumb/v7-m/nofp\libg.a(libc_a-svfprintf.o)
 .ARM.attributes
                0x0000094f       0x2d d:/gcc-arm-none-eabi/sysgcc/bin/../lib/gcc/arm-none-eabi/12.3.1/thumb/v7-m/nofp\libg.a(libc_a-fclose.o)
 .ARM.attributes
                0x0000097c       0x2d d:/gcc-arm-none-eabi/sysgcc/bin/../lib/gcc/arm-none-eabi/12.3.1/thumb/v7-m/nofp\libg.a(libc_a-fflush.o)
 .ARM.attributes
                0x000009a9       0x2d d:/gcc-arm-none-eabi/sysgcc/bin/../lib/gcc/arm-none-eabi/12.3.1/thumb/v7-m/nofp\libg.a(libc_a-strncpy.o)
 .ARM.attributes
                0x000009d6       0x2d d:/gcc-arm-none-eabi/sysgcc/bin/../lib/gcc/arm-none-eabi/12.3.1/thumb/v7-m/nofp\libg.a(libc_a-locale.o)
 .ARM.attributes
                0x00000a03       0x2d d:/gcc-arm-none-eabi/sysgcc/bin/../lib/gcc/arm-none-eabi/12.3.1/thumb/v7-m/nofp\libg.a(libc_a-localeconv.o)
 .ARM.attributes
                0x00000a30       0x2d d:/gcc-arm-none-eabi/sysgcc/bin/../lib/gcc/arm-none-eabi/12.3.1/thumb/v7-m/nofp\libg.a(libc_a-sbrkr.o)
 .ARM.attributes
                0x00000a5d       0x2d d:/gcc-arm-none-eabi/sysgcc/bin/../lib/gcc/arm-none-eabi/12.3.1/thumb/v7-m/nofp\libg.a(libc_a-fini.o)
 .ARM.attributes
                0x00000a8a       0x2d d:/gcc-arm-none-eabi/sysgcc/bin/../lib/gcc/arm-none-eabi/12.3.1/thumb/v7-m/nofp\libg.a(libc_a-sysconf.o)
 .ARM.attributes
                0x00000ab7       0x2d d:/gcc-arm-none-eabi/sysgcc/bin/../lib/gcc/arm-none-eabi/12.3.1/thumb/v7-m/nofp\libg.a(libc_a-memchr-stub.o)
 .ARM.attributes
                0x00000ae4       0x2d d:/gcc-arm-none-eabi/sysgcc/bin/../lib/gcc/arm-none-eabi/12.3.1/thumb/v7-m/nofp\libg.a(libc_a-strlen-stub.o)
 .ARM.attributes
                0x00000b11       0x2d d:/gcc-arm-none-eabi/sysgcc/bin/../lib/gcc/arm-none-eabi/12.3.1/thumb/v7-m/nofp\libg.a(libm_a-s_frexp.o)
 .ARM.attributes
                0x00000b3e       0x2d d:/gcc-arm-none-eabi/sysgcc/bin/../lib/gcc/arm-none-eabi/12.3.1/thumb/v7-m/nofp\libg.a(libc_a-__atexit.o)
 .ARM.attributes
                0x00000b6b       0x2d d:/gcc-arm-none-eabi/sysgcc/bin/../lib/gcc/arm-none-eabi/12.3.1/thumb/v7-m/nofp\libg.a(libc_a-dtoa.o)
 .ARM.attributes
                0x00000b98       0x2d d:/gcc-arm-none-eabi/sysgcc/bin/../lib/gcc/arm-none-eabi/12.3.1/thumb/v7-m/nofp\libg.a(libc_a-mbtowc_r.o)
 .ARM.attributes
                0x00000bc5       0x2d d:/gcc-arm-none-eabi/sysgcc/bin/../lib/gcc/arm-none-eabi/12.3.1/thumb/v7-m/nofp\libg.a(libc_a-mprec.o)
 .ARM.attributes
                0x00000bf2       0x2d d:/gcc-arm-none-eabi/sysgcc/bin/../lib/gcc/arm-none-eabi/12.3.1/thumb/v7-m/nofp\libg.a(libc_a-wctomb_r.o)
 .ARM.attributes
                0x00000c1f       0x2d d:/gcc-arm-none-eabi/sysgcc/bin/../lib/gcc/arm-none-eabi/12.3.1/thumb/v7-m/nofp\libg.a(libc_a-wcrtomb.o)
 .ARM.attributes
                0x00000c4c       0x2d d:/gcc-arm-none-eabi/sysgcc/bin/../lib/gcc/arm-none-eabi/12.3.1/thumb/v7-m/nofp\libg.a(libc_a-wcsrtombs.o)
 .ARM.attributes
                0x00000c79       0x2d d:/gcc-arm-none-eabi/sysgcc/bin/../lib/gcc/arm-none-eabi/12.3.1/thumb/v7-m/nofp\libg.a(libc_a-ctype_.o)
 .ARM.attributes
                0x00000ca6       0x2d d:/gcc-arm-none-eabi/sysgcc/bin/../lib/gcc/arm-none-eabi/12.3.1/thumb/v7-m/nofp\libg.a(libc_a-svfiprintf.o)
 .ARM.attributes
                0x00000cd3       0x2d d:/gcc-arm-none-eabi/sysgcc/bin/../lib/gcc/arm-none-eabi/12.3.1/thumb/v7-m/nofp\libg.a(libc_a-memmove.o)
 .ARM.attributes
                0x00000d00       0x1b d:/gcc-arm-none-eabi/sysgcc/bin/../lib/gcc/arm-none-eabi/12.3.1/thumb/v7-m/nofp\libg.a(libc_a-memcpy.o)
 .ARM.attributes
                0x00000d1b       0x2d d:/gcc-arm-none-eabi/sysgcc/bin/../lib/gcc/arm-none-eabi/12.3.1/thumb/v7-m/nofp\libg.a(libc_a-assert.o)
 .ARM.attributes
                0x00000d48       0x2d d:/gcc-arm-none-eabi/sysgcc/bin/../lib/gcc/arm-none-eabi/12.3.1/thumb/v7-m/nofp\libg.a(libc_a-callocr.o)
 .ARM.attributes
                0x00000d75       0x2d d:/gcc-arm-none-eabi/sysgcc/bin/../lib/gcc/arm-none-eabi/12.3.1/thumb/v7-m/nofp\libg.a(libc_a-reallocr.o)
 .ARM.attributes
                0x00000da2       0x2d d:/gcc-arm-none-eabi/sysgcc/bin/../lib/gcc/arm-none-eabi/12.3.1/thumb/v7-m/nofp\libg.a(libc_a-wcsnrtombs.o)
 .ARM.attributes
                0x00000dcf       0x2d d:/gcc-arm-none-eabi/sysgcc/bin/../lib/gcc/arm-none-eabi/12.3.1/thumb/v7-m/nofp\libg.a(libc_a-fiprintf.o)
 .ARM.attributes
                0x00000dfc       0x2d d:/gcc-arm-none-eabi/sysgcc/bin/../lib/gcc/arm-none-eabi/12.3.1/thumb/v7-m/nofp\libg.a(libc_a-vfiprintf.o)
 .ARM.attributes
                0x00000e29       0x2d d:/gcc-arm-none-eabi/sysgcc/bin/../lib/gcc/arm-none-eabi/12.3.1/thumb/v7-m/nofp\libg.a(libc_a-fvwrite.o)
 .ARM.attributes
                0x00000e56       0x2d d:/gcc-arm-none-eabi/sysgcc/bin/../lib/gcc/arm-none-eabi/12.3.1/thumb/v7-m/nofp\libg.a(libc_a-wsetup.o)
 .ARM.attributes
                0x00000e83       0x2d d:/gcc-arm-none-eabi/sysgcc/bin/../lib/gcc/arm-none-eabi/12.3.1/thumb/v7-m/nofp\libg.a(libc_a-fputwc.o)
 .ARM.attributes
                0x00000eb0       0x2d d:/gcc-arm-none-eabi/sysgcc/bin/../lib/gcc/arm-none-eabi/12.3.1/thumb/v7-m/nofp\libg.a(libc_a-abort.o)
 .ARM.attributes
                0x00000edd       0x2d d:/gcc-arm-none-eabi/sysgcc/bin/../lib/gcc/arm-none-eabi/12.3.1/thumb/v7-m/nofp\libg.a(libc_a-makebuf.o)
 .ARM.attributes
                0x00000f0a       0x2d d:/gcc-arm-none-eabi/sysgcc/bin/../lib/gcc/arm-none-eabi/12.3.1/thumb/v7-m/nofp\libg.a(libc_a-wbuf.o)
 .ARM.attributes
                0x00000f37       0x2d d:/gcc-arm-none-eabi/sysgcc/bin/../lib/gcc/arm-none-eabi/12.3.1/thumb/v7-m/nofp\libg.a(libc_a-signal.o)
 .ARM.attributes
                0x00000f64       0x2d d:/gcc-arm-none-eabi/sysgcc/bin/../lib/gcc/arm-none-eabi/12.3.1/thumb/v7-m/nofp\libg.a(libc_a-fstatr.o)
 .ARM.attributes
                0x00000f91       0x2d d:/gcc-arm-none-eabi/sysgcc/bin/../lib/gcc/arm-none-eabi/12.3.1/thumb/v7-m/nofp\libg.a(libc_a-isattyr.o)
 .ARM.attributes
                0x00000fbe       0x2d d:/gcc-arm-none-eabi/sysgcc/bin/../lib/gcc/arm-none-eabi/12.3.1/thumb/v7-m/nofp\libg.a(libc_a-signalr.o)
 .ARM.attributes
                0x00000feb       0x1d d:/gcc-arm-none-eabi/sysgcc/bin/../lib/gcc/arm-none-eabi/12.3.1/thumb/v7-m/nofp\libgcc.a(_arm_muldivdf3.o)
 .ARM.attributes
                0x00001008       0x1d d:/gcc-arm-none-eabi/sysgcc/bin/../lib/gcc/arm-none-eabi/12.3.1/thumb/v7-m/nofp\libgcc.a(_arm_cmpdf2.o)
 .ARM.attributes
                0x00001025       0x1d d:/gcc-arm-none-eabi/sysgcc/bin/../lib/gcc/arm-none-eabi/12.3.1/thumb/v7-m/nofp\libgcc.a(_arm_unorddf2.o)
 .ARM.attributes
                0x00001042       0x1d d:/gcc-arm-none-eabi/sysgcc/bin/../lib/gcc/arm-none-eabi/12.3.1/thumb/v7-m/nofp\libgcc.a(_arm_fixdfsi.o)
 .ARM.attributes
                0x0000105f       0x2d d:/gcc-arm-none-eabi/sysgcc/bin/../lib/gcc/arm-none-eabi/12.3.1/thumb/v7-m/nofp/crtend.o
 .ARM.attributes
                0x0000108c       0x1d d:/gcc-arm-none-eabi/sysgcc/bin/../lib/gcc/arm-none-eabi/12.3.1/thumb/v7-m/nofp/crtn.o
OUTPUT(Power.elf elf32-littlearm)
LOAD linker stubs
LOAD d:/gcc-arm-none-eabi/sysgcc/bin/../lib/gcc/arm-none-eabi/12.3.1/thumb/v7-m/nofp\libc.a
LOAD d:/gcc-arm-none-eabi/sysgcc/bin/../lib/gcc/arm-none-eabi/12.3.1/thumb/v7-m/nofp\libm.a
LOAD d:/gcc-arm-none-eabi/sysgcc/bin/../lib/gcc/arm-none-eabi/12.3.1/thumb/v7-m/nofp\libgcc.a

.debug_info     0x00000000    0x164a2
 .debug_info    0x00000000      0xa0e CMakeFiles/Power.elf.dir/Core/Src/adc.c.obj
 .debug_info    0x00000a0e      0x9b4 CMakeFiles/Power.elf.dir/Core/Src/can.c.obj
 .debug_info    0x000013c2      0x32b CMakeFiles/Power.elf.dir/Core/Src/dma.c.obj
 .debug_info    0x000016ed      0x326 CMakeFiles/Power.elf.dir/Core/Src/gpio.c.obj
 .debug_info    0x00001a13      0x592 CMakeFiles/Power.elf.dir/Core/Src/main.c.obj
 .debug_info    0x00001fa5      0x1f4 CMakeFiles/Power.elf.dir/Core/Src/stm32f1xx_hal_msp.c.obj
 .debug_info    0x00002199      0xfe3 CMakeFiles/Power.elf.dir/Core/Src/stm32f1xx_it.c.obj
 .debug_info    0x0000317c      0x783 CMakeFiles/Power.elf.dir/Core/Src/syscalls.c.obj
 .debug_info    0x000038ff      0x171 CMakeFiles/Power.elf.dir/Core/Src/sysmem.c.obj
 .debug_info    0x00003a70      0x22d CMakeFiles/Power.elf.dir/Core/Src/system_stm32f1xx.c.obj
 .debug_info    0x00003c9d      0xce6 CMakeFiles/Power.elf.dir/Core/Src/tim.c.obj
 .debug_info    0x00004983      0xa88 CMakeFiles/Power.elf.dir/Core/Src/usart.c.obj
 .debug_info    0x0000540b       0x30 CMakeFiles/Power.elf.dir/Core/Startup/startup_stm32f103c8tx.s.obj
 .debug_info    0x0000543b      0x7a2 CMakeFiles/Power.elf.dir/Drivers/STM32F1xx_HAL_Driver/Src/stm32f1xx_hal.c.obj
 .debug_info    0x00005bdd      0xed9 CMakeFiles/Power.elf.dir/Drivers/STM32F1xx_HAL_Driver/Src/stm32f1xx_hal_adc.c.obj
 .debug_info    0x00006ab6      0xc3a CMakeFiles/Power.elf.dir/Drivers/STM32F1xx_HAL_Driver/Src/stm32f1xx_hal_adc_ex.c.obj
 .debug_info    0x000076f0     0x11bb CMakeFiles/Power.elf.dir/Drivers/STM32F1xx_HAL_Driver/Src/stm32f1xx_hal_can.c.obj
 .debug_info    0x000088ab      0xcad CMakeFiles/Power.elf.dir/Drivers/STM32F1xx_HAL_Driver/Src/stm32f1xx_hal_cortex.c.obj
 .debug_info    0x00009558      0x7da CMakeFiles/Power.elf.dir/Drivers/STM32F1xx_HAL_Driver/Src/stm32f1xx_hal_dma.c.obj
 .debug_info    0x00009d32      0x604 CMakeFiles/Power.elf.dir/Drivers/STM32F1xx_HAL_Driver/Src/stm32f1xx_hal_gpio.c.obj
 .debug_info    0x0000a336      0x9c7 CMakeFiles/Power.elf.dir/Drivers/STM32F1xx_HAL_Driver/Src/stm32f1xx_hal_rcc.c.obj
 .debug_info    0x0000acfd      0x420 CMakeFiles/Power.elf.dir/Drivers/STM32F1xx_HAL_Driver/Src/stm32f1xx_hal_rcc_ex.c.obj
 .debug_info    0x0000b11d     0x3b9c CMakeFiles/Power.elf.dir/Drivers/STM32F1xx_HAL_Driver/Src/stm32f1xx_hal_tim.c.obj
 .debug_info    0x0000ecb9     0x1a88 CMakeFiles/Power.elf.dir/Drivers/STM32F1xx_HAL_Driver/Src/stm32f1xx_hal_tim_ex.c.obj
 .debug_info    0x00010741     0x3f54 CMakeFiles/Power.elf.dir/Drivers/STM32F1xx_HAL_Driver/Src/stm32f1xx_hal_uart.c.obj
 .debug_info    0x00014695      0x7db CMakeFiles/Power.elf.dir/User/ADC/adcio.c.obj